Component: ARM Compiler 5.06 update 6 (build 750) Tool: armlink [4d35ed]

==============================================================================

Section Cross References

    startup_stm32f103xb.o(RESET) refers to startup_stm32f103xb.o(STACK) for __initial_sp
    startup_stm32f103xb.o(RESET) refers to startup_stm32f103xb.o(.text) for Reset_Handler
    startup_stm32f103xb.o(RESET) refers to stm32f1xx_it.o(i.NMI_Handler) for NMI_Handler
    startup_stm32f103xb.o(RESET) refers to stm32f1xx_it.o(i.HardFault_Handler) for HardFault_Handler
    startup_stm32f103xb.o(RESET) refers to stm32f1xx_it.o(i.MemManage_Handler) for MemManage_Handler
    startup_stm32f103xb.o(RESET) refers to stm32f1xx_it.o(i.BusFault_Handler) for BusFault_Handler
    startup_stm32f103xb.o(RESET) refers to stm32f1xx_it.o(i.UsageFault_Handler) for UsageFault_Handler
    startup_stm32f103xb.o(RESET) refers to stm32f1xx_it.o(i.SVC_Handler) for SVC_Handler
    startup_stm32f103xb.o(RESET) refers to stm32f1xx_it.o(i.DebugMon_Handler) for DebugMon_Handler
    startup_stm32f103xb.o(RESET) refers to stm32f1xx_it.o(i.PendSV_Handler) for PendSV_Handler
    startup_stm32f103xb.o(RESET) refers to stm32f1xx_it.o(i.SysTick_Handler) for SysTick_Handler
    startup_stm32f103xb.o(RESET) refers to stm32f1xx_it.o(i.USART1_IRQHandler) for USART1_IRQHandler
    startup_stm32f103xb.o(.text) refers to system_stm32f1xx.o(i.SystemInit) for SystemInit
    startup_stm32f103xb.o(.text) refers to entry.o(.ARM.Collect$$$$00000000) for __main
    mpu6050.o(i.Kalman_getAngle) refers to dadd.o(.text) for __aeabi_dsub
    mpu6050.o(i.Kalman_getAngle) refers to dmul.o(.text) for __aeabi_dmul
    mpu6050.o(i.Kalman_getAngle) refers to ddiv.o(.text) for __aeabi_ddiv
    mpu6050.o(i.MPU6050_Init) refers to stm32f1xx_hal_i2c.o(i.HAL_I2C_Mem_Read) for HAL_I2C_Mem_Read
    mpu6050.o(i.MPU6050_Init) refers to stm32f1xx_hal_i2c.o(i.HAL_I2C_Mem_Write) for HAL_I2C_Mem_Write
    mpu6050.o(i.MPU6050_Read_Accel) refers to stm32f1xx_hal_i2c.o(i.HAL_I2C_Mem_Read) for HAL_I2C_Mem_Read
    mpu6050.o(i.MPU6050_Read_Accel) refers to dflti.o(.text) for __aeabi_i2d
    mpu6050.o(i.MPU6050_Read_Accel) refers to dscalb.o(.text) for __ARM_scalbn
    mpu6050.o(i.MPU6050_Read_Accel) refers to ddiv.o(.text) for __aeabi_ddiv
    mpu6050.o(i.MPU6050_Read_All) refers to stm32f1xx_hal_i2c.o(i.HAL_I2C_Mem_Read) for HAL_I2C_Mem_Read
    mpu6050.o(i.MPU6050_Read_All) refers to dflti.o(.text) for __aeabi_i2d
    mpu6050.o(i.MPU6050_Read_All) refers to dscalb.o(.text) for __ARM_scalbn
    mpu6050.o(i.MPU6050_Read_All) refers to ddiv.o(.text) for __aeabi_ddiv
    mpu6050.o(i.MPU6050_Read_All) refers to fflti.o(.text) for __aeabi_i2f
    mpu6050.o(i.MPU6050_Read_All) refers to fdiv.o(.text) for __aeabi_fdiv
    mpu6050.o(i.MPU6050_Read_All) refers to fadd.o(.text) for __aeabi_fadd
    mpu6050.o(i.MPU6050_Read_All) refers to stm32f1xx_hal.o(i.HAL_GetTick) for HAL_GetTick
    mpu6050.o(i.MPU6050_Read_All) refers to dfltui.o(.text) for __aeabi_ui2d
    mpu6050.o(i.MPU6050_Read_All) refers to sqrt.o(i.sqrt) for sqrt
    mpu6050.o(i.MPU6050_Read_All) refers to cdcmple.o(.text) for __aeabi_cdcmpeq
    mpu6050.o(i.MPU6050_Read_All) refers to atan.o(i.atan) for atan
    mpu6050.o(i.MPU6050_Read_All) refers to dmul.o(.text) for __aeabi_dmul
    mpu6050.o(i.MPU6050_Read_All) refers to atan2.o(i.atan2) for atan2
    mpu6050.o(i.MPU6050_Read_All) refers to cdrcmple.o(.text) for __aeabi_cdrcmple
    mpu6050.o(i.MPU6050_Read_All) refers to mpu6050.o(i.Kalman_getAngle) for Kalman_getAngle
    mpu6050.o(i.MPU6050_Read_All) refers to mpu6050.o(.data) for .data
    mpu6050.o(i.MPU6050_Read_Gyro) refers to stm32f1xx_hal_i2c.o(i.HAL_I2C_Mem_Read) for HAL_I2C_Mem_Read
    mpu6050.o(i.MPU6050_Read_Gyro) refers to dflti.o(.text) for __aeabi_i2d
    mpu6050.o(i.MPU6050_Read_Gyro) refers to ddiv.o(.text) for __aeabi_ddiv
    mpu6050.o(i.MPU6050_Read_Temp) refers to stm32f1xx_hal_i2c.o(i.HAL_I2C_Mem_Read) for HAL_I2C_Mem_Read
    mpu6050.o(i.MPU6050_Read_Temp) refers to fflti.o(.text) for __aeabi_i2f
    mpu6050.o(i.MPU6050_Read_Temp) refers to fdiv.o(.text) for __aeabi_fdiv
    mpu6050.o(i.MPU6050_Read_Temp) refers to fadd.o(.text) for __aeabi_fadd
    esp8266_test.o(i.ESP_CheckStatus) refers to esp8266_test.o(i.ESP_ClearRdata) for ESP_ClearRdata
    esp8266_test.o(i.ESP_CheckStatus) refers to stm32f1xx_hal_uart.o(i.HAL_UART_Receive_IT) for HAL_UART_Receive_IT
    esp8266_test.o(i.ESP_CheckStatus) refers to printf3.o(i.__0sprintf$3) for __2sprintf
    esp8266_test.o(i.ESP_CheckStatus) refers to strlen.o(.text) for strlen
    esp8266_test.o(i.ESP_CheckStatus) refers to stm32f1xx_hal_uart.o(i.HAL_UART_Transmit) for HAL_UART_Transmit
    esp8266_test.o(i.ESP_CheckStatus) refers to strstr.o(.text) for strstr
    esp8266_test.o(i.ESP_CheckStatus) refers to esp8266_test.o(.data) for .data
    esp8266_test.o(i.ESP_CheckStatus) refers to usart.o(.bss) for huart1
[...]
    Removing stm32f1xx_hal_rcc.o(.rev16_text), (4 bytes).
    Removing stm32f1xx_hal_rcc.o(.revsh_text), (4 bytes).
    Removing stm32f1xx_hal_rcc.o(.rrx_text), (6 bytes).
    Removing stm32f1xx_hal_rcc.o(i.HAL_RCC_CSSCallback), (2 bytes).
    Removing stm32f1xx_hal_rcc.o(i.HAL_RCC_DeInit), (220 bytes).
    Removing stm32f1xx_hal_rcc.o(i.HAL_RCC_DisableCSS), (12 bytes).
    Removing stm32f1xx_hal_rcc.o(i.HAL_RCC_EnableCSS), (12 bytes).
    Removing stm32f1xx_hal_rcc.o(i.HAL_RCC_GetClockConfig), (64 bytes).
    Removing stm32f1xx_hal_rcc.o(i.HAL_RCC_GetHCLKFreq), (12 bytes).
    Removing stm32f1xx_hal_rcc.o(i.HAL_RCC_GetOscConfig), (144 bytes).
    Removing stm32f1xx_hal_rcc.o(i.HAL_RCC_MCOConfig), (72 bytes).
    Removing stm32f1xx_hal_rcc.o(i.HAL_RCC_NMI_IRQHandler), (24 bytes).
    Removing stm32f1xx_hal_rcc_ex.o(.rev16_text), (4 bytes).
    Removing stm32f1xx_hal_rcc_ex.o(.revsh_text), (4 bytes).
    Removing stm32f1xx_hal_rcc_ex.o(.rrx_text), (6 bytes).
    Removing stm32f1xx_hal_rcc_ex.o(i.HAL_RCCEx_GetPeriphCLKConfig), (44 bytes).
    Removing stm32f1xx_hal_rcc_ex.o(i.HAL_RCCEx_GetPeriphCLKFreq), (200 bytes).
    Removing stm32f1xx_hal_rcc_ex.o(i.HAL_RCCEx_PeriphCLKConfig), (236 bytes).
    Removing stm32f1xx_hal_gpio.o(.rev16_text), (4 bytes).
    Removing stm32f1xx_hal_gpio.o(.revsh_text), (4 bytes).
    Removing stm32f1xx_hal_gpio.o(.rrx_text), (6 bytes).
    Removing stm32f1xx_hal_gpio.o(i.HAL_GPIO_DeInit), (252 bytes).
    Removing stm32f1xx_hal_gpio.o(i.HAL_GPIO_EXTI_Callback), (2 bytes).
    Removing stm32f1xx_hal_gpio.o(i.HAL_GPIO_EXTI_IRQHandler), (24 bytes).
    Removing stm32f1xx_hal_gpio.o(i.HAL_GPIO_LockPin), (34 bytes).
    Removing stm32f1xx_hal_gpio.o(i.HAL_GPIO_ReadPin), (10 bytes).
    Removing stm32f1xx_hal_dma.o(.rev16_text), (4 bytes).
    Removing stm32f1xx_hal_dma.o(.revsh_text), (4 bytes).
    Removing stm32f1xx_hal_dma.o(.rrx_text), (6 bytes).
    Removing stm32f1xx_hal_dma.o(i.DMA_SetConfig), (42 bytes).
    Removing stm32f1xx_hal_dma.o(i.HAL_DMA_DeInit), (92 bytes).
    Removing stm32f1xx_hal_dma.o(i.HAL_DMA_GetError), (4 bytes).
    Removing stm32f1xx_hal_dma.o(i.HAL_DMA_GetState), (6 bytes).
    Removing stm32f1xx_hal_dma.o(i.HAL_DMA_IRQHandler), (340 bytes).
    Removing stm32f1xx_hal_dma.o(i.HAL_DMA_Init), (92 bytes).
    Removing stm32f1xx_hal_dma.o(i.HAL_DMA_PollForTransfer), (532 bytes).
    Removing stm32f1xx_hal_dma.o(i.HAL_DMA_RegisterCallback), (74 bytes).
    Removing stm32f1xx_hal_dma.o(i.HAL_DMA_Start), (80 bytes).
    Removing stm32f1xx_hal_dma.o(i.HAL_DMA_Start_IT), (112 bytes).
    Removing stm32f1xx_hal_dma.o(i.HAL_DMA_UnRegisterCallback), (82 bytes).
    Removing stm32f1xx_hal_cortex.o(.rev16_text), (4 bytes).
    Removing stm32f1xx_hal_cortex.o(.revsh_text), (4 bytes).
    Removing stm32f1xx_hal_cortex.o(.rrx_text), (6 bytes).
    Removing stm32f1xx_hal_cortex.o(i.HAL_NVIC_ClearPendingIRQ), (26 bytes).
    Removing stm32f1xx_hal_cortex.o(i.HAL_NVIC_DisableIRQ), (34 bytes).
    Removing stm32f1xx_hal_cortex.o(i.HAL_NVIC_GetActive), (36 bytes).
    Removing stm32f1xx_hal_cortex.o(i.HAL_NVIC_GetPendingIRQ), (36 bytes).
    Removing stm32f1xx_hal_cortex.o(i.HAL_NVIC_GetPriority), (82 bytes).
    Removing stm32f1xx_hal_cortex.o(i.HAL_NVIC_GetPriorityGrouping), (16 bytes).
    Removing stm32f1xx_hal_cortex.o(i.HAL_NVIC_SetPendingIRQ), (26 bytes).
    Removing stm32f1xx_hal_cortex.o(i.HAL_NVIC_SystemReset), (36 bytes).
    Removing stm32f1xx_hal_cortex.o(i.HAL_SYSTICK_CLKSourceConfig), (24 bytes).
    Removing stm32f1xx_hal_cortex.o(i.HAL_SYSTICK_Callback), (2 bytes).
    Removing stm32f1xx_hal_cortex.o(i.HAL_SYSTICK_IRQHandler), (8 bytes).
    Removing stm32f1xx_hal_pwr.o(.rev16_text), (4 bytes).
    Removing stm32f1xx_hal_pwr.o(.revsh_text), (4 bytes).
    Removing stm32f1xx_hal_pwr.o(.rrx_text), (6 bytes).
    Removing stm32f1xx_hal_pwr.o(i.HAL_PWR_ConfigPVD), (124 bytes).
    Removing stm32f1xx_hal_pwr.o(i.HAL_PWR_DeInit), (24 bytes).
    Removing stm32f1xx_hal_pwr.o(i.HAL_PWR_DisableBkUpAccess), (12 bytes).
    Removing stm32f1xx_hal_pwr.o(i.HAL_PWR_DisablePVD), (12 bytes).
    Removing stm32f1xx_hal_pwr.o(i.HAL_PWR_DisableSEVOnPend), (16 bytes).
    Removing stm32f1xx_hal_pwr.o(i.HAL_PWR_DisableSleepOnExit), (16 bytes).
    Removing stm32f1xx_hal_pwr.o(i.HAL_PWR_DisableWakeUpPin), (28 bytes).
    Removing stm32f1xx_hal_pwr.o(i.HAL_PWR_EnableBkUpAccess), (12 bytes).
    Removing stm32f1xx_hal_pwr.o(i.HAL_PWR_EnablePVD), (12 bytes).
    Removing stm32f1xx_hal_pwr.o(i.HAL_PWR_EnableSEVOnPend), (16 bytes).
    Removing stm32f1xx_hal_pwr.o(i.HAL_PWR_EnableSleepOnExit), (16 bytes).
    Removing stm32f1xx_hal_pwr.o(i.HAL_PWR_EnableWakeUpPin), (28 bytes).
    Removing stm32f1xx_hal_pwr.o(i.HAL_PWR_EnterSLEEPMode), (32 bytes).
    Removing stm32f1xx_hal_pwr.o(i.HAL_PWR_EnterSTANDBYMode), (32 bytes).
    Removing stm32f1xx_hal_pwr.o(i.HAL_PWR_EnterSTOPMode), (68 bytes).
    Removing stm32f1xx_hal_pwr.o(i.HAL_PWR_PVDCallback), (2 bytes).
    Removing stm32f1xx_hal_pwr.o(i.HAL_PWR_PVD_IRQHandler), (28 bytes).
    Removing stm32f1xx_hal_pwr.o(i.PWR_OverloadWfe), (6 bytes).
    Removing stm32f1xx_hal_flash.o(.rev16_text), (4 bytes).
    Removing stm32f1xx_hal_flash.o(.revsh_text), (4 bytes).
    Removing stm32f1xx_hal_flash.o(.rrx_text), (6 bytes).
    Removing stm32f1xx_hal_flash.o(i.FLASH_Program_HalfWord), (28 bytes).
    Removing stm32f1xx_hal_flash.o(i.FLASH_SetErrorCode), (92 bytes).
    Removing stm32f1xx_hal_flash.o(i.FLASH_WaitForLastOperation), (84 bytes).
    Removing stm32f1xx_hal_flash.o(i.HAL_FLASH_EndOfOperationCallback), (2 bytes).
    Removing stm32f1xx_hal_flash.o(i.HAL_FLASH_GetError), (12 bytes).
    Removing stm32f1xx_hal_flash.o(i.HAL_FLASH_IRQHandler), (264 bytes).
    Removing stm32f1xx_hal_flash.o(i.HAL_FLASH_Lock), (20 bytes).
    Removing stm32f1xx_hal_flash.o(i.HAL_FLASH_OB_Launch), (4 bytes).
    Removing stm32f1xx_hal_flash.o(i.HAL_FLASH_OB_Lock), (20 bytes).
    Removing stm32f1xx_hal_flash.o(i.HAL_FLASH_OB_Unlock), (36 bytes).
    Removing stm32f1xx_hal_flash.o(i.HAL_FLASH_OperationErrorCallback), (2 bytes).
    Removing stm32f1xx_hal_flash.o(i.HAL_FLASH_Program), (128 bytes).
    Removing stm32f1xx_hal_flash.o(i.HAL_FLASH_Program_IT), (100 bytes).
    Removing stm32f1xx_hal_flash.o(i.HAL_FLASH_Unlock), (40 bytes).
    Removing stm32f1xx_hal_flash.o(.bss), (32 bytes).
    Removing stm32f1xx_hal_flash_ex.o(.rev16_text), (4 bytes).
    Removing stm32f1xx_hal_flash_ex.o(.revsh_text), (4 bytes).
    Removing stm32f1xx_hal_flash_ex.o(.rrx_text), (6 bytes).
    Removing stm32f1xx_hal_flash_ex.o(i.FLASH_MassErase), (36 bytes).
    Removing stm32f1xx_hal_flash_ex.o(i.FLASH_OB_DisableWRP), (176 bytes).
    Removing stm32f1xx_hal_flash_ex.o(i.FLASH_OB_EnableWRP), (176 bytes).
    Removing stm32f1xx_hal_flash_ex.o(i.FLASH_OB_GetRDP), (24 bytes).
    Removing stm32f1xx_hal_flash_ex.o(i.FLASH_OB_RDP_LevelConfig), (100 bytes).
    Removing stm32f1xx_hal_flash_ex.o(i.FLASH_PageErase), (36 bytes).
    Removing stm32f1xx_hal_flash_ex.o(i.HAL_FLASHEx_Erase), (168 bytes).
    Removing stm32f1xx_hal_flash_ex.o(i.HAL_FLASHEx_Erase_IT), (84 bytes).
    Removing stm32f1xx_hal_flash_ex.o(i.HAL_FLASHEx_OBErase), (84 bytes).
    Removing stm32f1xx_hal_flash_ex.o(i.HAL_FLASHEx_OBGetConfig), (36 bytes).
    Removing stm32f1xx_hal_flash_ex.o(i.HAL_FLASHEx_OBGetUserData), (32 bytes).
    Removing stm32f1xx_hal_flash_ex.o(i.HAL_FLASHEx_OBProgram), (200 bytes).
    Removing stm32f1xx_hal_exti.o(.rev16_text), (4 bytes).
    Removing stm32f1xx_hal_exti.o(.revsh_text), (4 bytes).
    Removing stm32f1xx_hal_exti.o(.rrx_text), (6 bytes).
    Removing stm32f1xx_hal_exti.o(i.HAL_EXTI_ClearConfigLine), (104 bytes).
    Removing stm32f1xx_hal_exti.o(i.HAL_EXTI_ClearPending), (20 bytes).
    Removing stm32f1xx_hal_exti.o(i.HAL_EXTI_GenerateSWI), (20 bytes).
    Removing stm32f1xx_hal_exti.o(i.HAL_EXTI_GetConfigLine), (144 bytes).
    Removing stm32f1xx_hal_exti.o(i.HAL_EXTI_GetHandle), (12 bytes).
    Removing stm32f1xx_hal_exti.o(i.HAL_EXTI_GetPending), (24 bytes).
    Removing stm32f1xx_hal_exti.o(i.HAL_EXTI_IRQHandler), (36 bytes).
    Removing stm32f1xx_hal_exti.o(i.HAL_EXTI_RegisterCallback), (14 bytes).
    Removing stm32f1xx_hal_exti.o(i.HAL_EXTI_SetConfigLine), (164 bytes).
    Removing stm32f1xx_hal_tim.o(.rev16_text), (4 bytes).
    Removing stm32f1xx_hal_tim.o(.revsh_text), (4 bytes).
    Removing stm32f1xx_hal_tim.o(.rrx_text), (6 bytes).
    Removing stm32f1xx_hal_tim_ex.o(.rev16_text), (4 bytes).
    Removing stm32f1xx_hal_tim_ex.o(.revsh_text), (4 bytes).
    Removing stm32f1xx_hal_tim_ex.o(.rrx_text), (6 bytes).
    Removing stm32f1xx_hal_uart.o(.rev16_text), (4 bytes).
    Removing stm32f1xx_hal_uart.o(.revsh_text), (4 bytes).
    Removing stm32f1xx_hal_uart.o(.rrx_text), (6 bytes).
    Removing stm32f1xx_hal_uart.o(i.HAL_HalfDuplex_EnableReceiver), (50 bytes).
    Removing stm32f1xx_hal_uart.o(i.HAL_HalfDuplex_EnableTransmitter), (50 bytes).
    Removing stm32f1xx_hal_uart.o(i.HAL_HalfDuplex_Init), (108 bytes).
    Removing stm32f1xx_hal_uart.o(i.HAL_LIN_Init), (128 bytes).
    Removing stm32f1xx_hal_uart.o(i.HAL_LIN_SendBreak), (46 bytes).
    Removing stm32f1xx_hal_uart.o(i.HAL_MultiProcessor_EnterMuteMode), (46 bytes).
    Removing stm32f1xx_hal_uart.o(i.HAL_MultiProcessor_ExitMuteMode), (46 bytes).
    Removing stm32f1xx_hal_uart.o(i.HAL_MultiProcessor_Init), (142 bytes).
    Removing stm32f1xx_hal_uart.o(i.HAL_UARTEx_ReceiveToIdle), (254 bytes).
    Removing stm32f1xx_hal_uart.o(i.HAL_UARTEx_ReceiveToIdle_DMA), (74 bytes).
    Removing stm32f1xx_hal_uart.o(i.HAL_UARTEx_ReceiveToIdle_IT), (74 bytes).
    Removing stm32f1xx_hal_uart.o(i.HAL_UART_Abort), (156 bytes).
    Removing stm32f1xx_hal_uart.o(i.HAL_UART_AbortCpltCallback), (2 bytes).
    Removing stm32f1xx_hal_uart.o(i.HAL_UART_AbortReceive), (106 bytes).
    Removing stm32f1xx_hal_uart.o(i.HAL_UART_AbortReceiveCpltCallback), (2 bytes).
    Removing stm32f1xx_hal_uart.o(i.HAL_UART_AbortReceive_IT), (112 bytes).
    Removing stm32f1xx_hal_uart.o(i.HAL_UART_AbortTransmit), (78 bytes).
    Removing stm32f1xx_hal_uart.o(i.HAL_UART_AbortTransmitCpltCallback), (2 bytes).
    Removing stm32f1xx_hal_uart.o(i.HAL_UART_AbortTransmit_IT), (84 bytes).
    Removing stm32f1xx_hal_uart.o(i.HAL_UART_Abort_IT), (188 bytes).
    Removing stm32f1xx_hal_uart.o(i.HAL_UART_DMAPause), (102 bytes).
    Removing stm32f1xx_hal_uart.o(i.HAL_UART_DMAResume), (94 bytes).
    Removing stm32f1xx_hal_uart.o(i.HAL_UART_DMAStop), (88 bytes).
    Removing stm32f1xx_hal_uart.o(i.HAL_UART_DeInit), (52 bytes).
    Removing stm32f1xx_hal_uart.o(i.HAL_UART_GetError), (4 bytes).
    Removing stm32f1xx_hal_uart.o(i.HAL_UART_GetState), (10 bytes).
    Removing stm32f1xx_hal_uart.o(i.HAL_UART_MspDeInit), (2 bytes).
    Removing stm32f1xx_hal_uart.o(i.HAL_UART_MspInit), (2 bytes).
    Removing stm32f1xx_hal_uart.o(i.HAL_UART_Receive), (192 bytes).
    Removing stm32f1xx_hal_uart.o(i.HAL_UART_Receive_DMA), (42 bytes).
    Removing stm32f1xx_hal_uart.o(i.HAL_UART_RxCpltCallback), (2 bytes).
    Removing stm32f1xx_hal_uart.o(i.HAL_UART_RxHalfCpltCallback), (2 bytes).
    Removing stm32f1xx_hal_uart.o(i.HAL_UART_Transmit_DMA), (128 bytes).
    Removing stm32f1xx_hal_uart.o(i.HAL_UART_Transmit_IT), (62 bytes).
    Removing stm32f1xx_hal_uart.o(i.HAL_UART_TxHalfCpltCallback), (2 bytes).
    Removing stm32f1xx_hal_uart.o(i.UART_DMAError), (74 bytes).
    Removing stm32f1xx_hal_uart.o(i.UART_DMAReceiveCplt), (90 bytes).
    Removing stm32f1xx_hal_uart.o(i.UART_DMARxAbortCallback), (44 bytes).
    Removing stm32f1xx_hal_uart.o(i.UART_DMARxHalfCplt), (26 bytes).
    Removing stm32f1xx_hal_uart.o(i.UART_DMARxOnlyAbortCallback), (22 bytes).
    Removing stm32f1xx_hal_uart.o(i.UART_DMATransmitCplt), (46 bytes).
    Removing stm32f1xx_hal_uart.o(i.UART_DMATxAbortCallback), (44 bytes).
    Removing stm32f1xx_hal_uart.o(i.UART_DMATxHalfCplt), (10 bytes).
    Removing stm32f1xx_hal_uart.o(i.UART_DMATxOnlyAbortCallback), (20 bytes).
    Removing stm32f1xx_hal_uart.o(i.UART_EndTxTransfer), (18 bytes).
    Removing stm32f1xx_hal_uart.o(i.UART_Start_Receive_DMA), (112 bytes).
    Removing system_stm32f1xx.o(.rev16_text), (4 bytes).
    Removing system_stm32f1xx.o(.revsh_text), (4 bytes).
    Removing system_stm32f1xx.o(.rrx_text), (6 bytes).
    Removing system_stm32f1xx.o(i.SystemCoreClockUpdate), (104 bytes).
    Removing dfixul.o(.text), (48 bytes).

318 unused section(s) (total 23203 bytes) removed from the image.

==============================================================================

Image Symbol Table

    Local Symbols

    Symbol Name                              Value     Ov Type        Size  Object(Section)

    ../Core/Src/gpio.c                       0x00000000   Number         0  gpio.o ABSOLUTE
    ../Core/Src/i2c.c                        0x00000000   Number         0  i2c.o ABSOLUTE
    ../Core/Src/main.c                       0x00000000   Number         0  main.o ABSOLUTE
    ../Core/Src/stm32f1xx_hal_msp.c          0x00000000   Number         0  stm32f1xx_hal_msp.o ABSOLUTE
    ../Core/Src/stm32f1xx_it.c               0x00000000   Number         0  stm32f1xx_it.o ABSOLUTE
    ../Core/Src/system_stm32f1xx.c           0x00000000   Number         0  system_stm32f1xx.o ABSOLUTE
    ../Core/Src/usart.c                      0x00000000   Number         0  usart.o ABSOLUTE
    ../Drivers/STM32F1xx_HAL_Driver/Src/stm32f1xx_hal.c 0x00000000   Number         0  stm32f1xx_hal.o ABSOLUTE
    ../Drivers/STM32F1xx_HAL_Driver/Src/stm32f1xx_hal_cortex.c 0x00000000   Number         0  stm32f1xx_hal_cortex.o ABSOLUTE
    ../Drivers/STM32F1xx_HAL_Driver/Src/stm32f1xx_hal_dma.c 0x00000000   Number         0  stm32f1xx_hal_dma.o ABSOLUTE
    ../Drivers/STM32F1xx_HAL_Driver/Src/stm32f1xx_hal_exti.c 0x00000000   Number         0  stm32f1xx_hal_exti.o ABSOLUTE
    ../Drivers/STM32F1xx_HAL_Driver/Src/stm32f1xx_hal_flash.c 0x00000000   Number         0  stm32f1xx_hal_flash.o ABSOLUTE
    ../Drivers/STM32F1xx_HAL_Driver/Src/stm32f1xx_hal_flash_ex.c 0x00000000   Number         0  stm32f1xx_hal_flash_ex.o ABSOLUTE
    ../Drivers/STM32F1xx_HAL_Driver/Src/stm32f1xx_hal_gpio.c 0x00000000   Number         0  stm32f1xx_hal_gpio.o ABSOLUTE
    ../Drivers/STM32F1xx_HAL_Driver/Src/stm32f1xx_hal_gpio_ex.c 0x00000000   Number         0  stm32f1xx_hal_gpio_ex.o ABSOLUTE
    ../Drivers/STM32F1xx_HAL_Driver/Src/stm32f1xx_hal_i2c.c 0x00000000   Number         0  stm32f1xx_hal_i2c.o ABSOLUTE
    ../Drivers/STM32F1xx_HAL_Driver/Src/stm32f1xx_hal_pwr.c 0x00000000   Number         0  stm32f1xx_hal_pwr.o ABSOLUTE
    ../Drivers/STM32F1xx_HAL_Driver/Src/stm32f1xx_hal_rcc.c 0x00000000   Number         0  stm32f1xx_hal_rcc.o ABSOLUTE
    ../Drivers/STM32F1xx_HAL_Driver/Src/stm32f1xx_hal_rcc_ex.c 0x00000000   Number         0  stm32f1xx_hal_rcc_ex.o ABSOLUTE
    ../Drivers/STM32F1xx_HAL_Driver/Src/stm32f1xx_hal_tim.c 0x00000000   Number         0  stm32f1xx_hal_tim.o ABSOLUTE
    ../Drivers/STM32F1xx_HAL_Driver/Src/stm32f1xx_hal_tim_ex.c 0x00000000   Number         0  stm32f1xx_hal_tim_ex.o ABSOLUTE
    ../Drivers/STM32F1xx_HAL_Driver/Src/stm32f1xx_hal_uart.c 0x00000000   Number         0  stm32f1xx_hal_uart.o ABSOLUTE
    ../clib/microlib/division.c              0x00000000   Number         0  uidiv.o ABSOLUTE
    ../clib/microlib/division.c              0x00000000   Number         0  uldiv.o ABSOLUTE
    ../clib/microlib/errno.c                 0x00000000   Number         0  errno.o ABSOLUTE
    ../clib/microlib/init/entry.s            0x00000000   Number         0  entry10b.o ABSOLUTE
    ../clib/microlib/init/entry.s            0x00000000   Number         0  entry11a.o ABSOLUTE
    ../clib/microlib/init/entry.s            0x00000000   Number         0  entry11b.o ABSOLUTE
    ../clib/microlib/init/entry.s            0x00000000   Number         0  entry2.o ABSOLUTE
    ../clib/microlib/init/entry.s            0x00000000   Number         0  entry7a.o ABSOLUTE
    ../clib/microlib/init/entry.s            0x00000000   Number         0  entry9b.o ABSOLUTE
    ../clib/microlib/init/entry.s            0x00000000   Number         0  entry5.o ABSOLUTE
    ../clib/microlib/init/entry.s            0x00000000   Number         0  entry7b.o ABSOLUTE
    ../clib/microlib/init/entry.s            0x00000000   Number         0  entry.o ABSOLUTE
    ../clib/microlib/init/entry.s            0x00000000   Number         0  entry8a.o ABSOLUTE
    ../clib/microlib/init/entry.s            0x00000000   Number         0  entry8b.o ABSOLUTE
    ../clib/microlib/init/entry.s            0x00000000   Number         0  entry9a.o ABSOLUTE
    ../clib/microlib/init/entry.s            0x00000000   Number         0  entry10a.o ABSOLUTE
    ../clib/microlib/longlong.c              0x00000000   Number         0  llshl.o ABSOLUTE
    ../clib/microlib/longlong.c              0x00000000   Number         0  llsshr.o ABSOLUTE
    ../clib/microlib/longlong.c              0x00000000   Number         0  llushr.o ABSOLUTE
    ../clib/microlib/printf/printf.c         0x00000000   Number         0  printf2.o ABSOLUTE
    ../clib/microlib/printf/printf.c         0x00000000   Number         0  printf3.o ABSOLUTE
    ../clib/microlib/printf/printf.c         0x00000000   Number         0  printf4.o ABSOLUTE
    ../clib/microlib/printf/printf.c         0x00000000   Number         0  printf1.o ABSOLUTE
    ../clib/microlib/printf/printf.c         0x00000000   Number         0  printf7.o ABSOLUTE
    ../clib/microlib/printf/printf.c         0x00000000   Number         0  printf8.o ABSOLUTE
    ../clib/microlib/printf/printf.c         0x00000000   Number         0  printfa.o ABSOLUTE
    ../clib/microlib/printf/printf.c         0x00000000   Number         0  printf5.o ABSOLUTE
    ../clib/microlib/printf/printf.c         0x00000000   Number         0  printf6.o ABSOLUTE
    ../clib/microlib/printf/printf.c         0x00000000   Number         0  printf0.o ABSOLUTE
    ../clib/microlib/printf/printf.c         0x00000000   Number         0  printfb.o ABSOLUTE
    ../clib/microlib/printf/stubs.s          0x00000000   Number         0  stubs.o ABSOLUTE
    ../clib/microlib/stdio/fputc.c           0x00000000   Number         0  fputc.o ABSOLUTE
    ../clib/microlib/stdio/semi.s            0x00000000   Number         0  semi.o ABSOLUTE
    ../clib/microlib/stdio/streams.c         0x00000000   Number         0  stdout.o ABSOLUTE
    ../clib/microlib/string/memset.c         0x00000000   Number         0  memseta.o ABSOLUTE
    ../clib/microlib/string/strcat.c         0x00000000   Number         0  strcat.o ABSOLUTE
    ../clib/microlib/string/strlen.c         0x00000000   Number         0  strlen.o ABSOLUTE
    ../clib/microlib/string/strstr.c         0x00000000   Number         0  strstr.o ABSOLUTE
    ../clib/microlib/stubs.s                 0x00000000   Number         0  iusesemip.o ABSOLUTE
    ../clib/microlib/stubs.s                 0x00000000   Number         0  iusefp.o ABSOLUTE
    ../fplib/microlib/fpadd.c                0x00000000   Number         0  fadd.o ABSOLUTE
    ../fplib/microlib/fpadd.c                0x00000000   Number         0  dadd.o ABSOLUTE
    ../fplib/microlib/fpdiv.c                0x00000000   Number         0  fdiv.o ABSOLUTE
    ../fplib/microlib/fpdiv.c                0x00000000   Number         0  ddiv.o ABSOLUTE
    ../fplib/microlib/fpepilogue.c           0x00000000   Number         0  fepilogue.o ABSOLUTE
    ../fplib/microlib/fpepilogue.c           0x00000000   Number         0  depilogue.o ABSOLUTE
    ../fplib/microlib/fpfix.c                0x00000000   Number         0  dfixul.o ABSOLUTE
    ../fplib/microlib/fpflt.c                0x00000000   Number         0  dfltui.o ABSOLUTE
    ../fplib/microlib/fpflt.c                0x00000000   Number         0  fflti.o ABSOLUTE
    ../fplib/microlib/fpflt.c                0x00000000   Number         0  dflti.o ABSOLUTE
    ../fplib/microlib/fpmul.c                0x00000000   Number         0  dmul.o ABSOLUTE
    ../fplib/microlib/fpscalb.c              0x00000000   Number         0  dscalb.o ABSOLUTE
    ../fplib/microlib/fpsqrt.c               0x00000000   Number         0  dsqrt.o ABSOLUTE
    ../mathlib/atan.c                        0x00000000   Number         0  atan_x.o ABSOLUTE
    ../mathlib/atan.c                        0x00000000   Number         0  atan.o ABSOLUTE
    ../mathlib/atan2.c                       0x00000000   Number         0  atan2.o ABSOLUTE
    ../mathlib/atan2.c                       0x00000000   Number         0  atan2_x.o ABSOLUTE
    ../mathlib/dunder.c                      0x00000000   Number         0  dunder.o ABSOLUTE
    ../mathlib/fpclassify.c                  0x00000000   Number         0  fpclassify.o ABSOLUTE
    ../mathlib/poly.c                        0x00000000   Number         0  poly.o ABSOLUTE
    ../mathlib/qnan.c                        0x00000000   Number         0  qnan.o ABSOLUTE
    ../mathlib/sqrt.c                        0x00000000   Number         0  sqrt_x.o ABSOLUTE
    ../mathlib/sqrt.c                        0x00000000   Number         0  sqrt.o ABSOLUTE
    ..\Core\Src\character_lcd.c              0x00000000   Number         0  character_lcd.o ABSOLUTE
    ..\Core\Src\esp8266_test.c               0x00000000   Number         0  esp8266_test.o ABSOLUTE
    ..\Core\Src\gpio.c                       0x00000000   Number         0  gpio.o ABSOLUTE
    ..\Core\Src\i2c.c                        0x00000000   Number         0  i2c.o ABSOLUTE
    ..\Core\Src\main.c                       0x00000000   Number         0  main.o ABSOLUTE
    ..\Core\Src\mpu6050.c                    0x00000000   Number         0  mpu6050.o ABSOLUTE
    ..\Core\Src\stm32f1xx_hal_msp.c          0x00000000   Number         0  stm32f1xx_hal_msp.o ABSOLUTE
    ..\Core\Src\stm32f1xx_it.c               0x00000000   Number         0  stm32f1xx_it.o ABSOLUTE
    ..\Core\Src\system_stm32f1xx.c           0x00000000   Number         0  system_stm32f1xx.o ABSOLUTE
    ..\Core\Src\usart.c                      0x00000000   Number         0  usart.o ABSOLUTE
    ..\Drivers\STM32F1xx_HAL_Driver\Src\stm32f1xx_hal.c 0x00000000   Number         0  stm32f1xx_hal.o ABSOLUTE
    ..\Drivers\STM32F1xx_HAL_Driver\Src\stm32f1xx_hal_cortex.c 0x00000000   Number         0  stm32f1xx_hal_cortex.o ABSOLUTE
    ..\Drivers\STM32F1xx_HAL_Driver\Src\stm32f1xx_hal_dma.c 0x00000000   Number         0  stm32f1xx_hal_dma.o ABSOLUTE
    ..\Drivers\STM32F1xx_HAL_Driver\Src\stm32f1xx_hal_exti.c 0x00000000   Number         0  stm32f1xx_hal_exti.o ABSOLUTE
    ..\Drivers\STM32F1xx_HAL_Driver\Src\stm32f1xx_hal_flash.c 0x00000000   Number         0  stm32f1xx_hal_flash.o ABSOLUTE
    ..\Drivers\STM32F1xx_HAL_Driver\Src\stm32f1xx_hal_flash_ex.c 0x00000000   Number         0  stm32f1xx_hal_flash_ex.o ABSOLUTE
    ..\Drivers\STM32F1xx_HAL_Driver\Src\stm32f1xx_hal_gpio.c 0x00000000   Number         0  stm32f1xx_hal_gpio.o ABSOLUTE
    ..\Drivers\STM32F1xx_HAL_Driver\Src\stm32f1xx_hal_gpio_ex.c 0x00000000   Number         0  stm32f1xx_hal_gpio_ex.o ABSOLUTE
    ..\Drivers\STM32F1xx_HAL_Driver\Src\stm32f1xx_hal_i2c.c 0x00000000   Number         0  stm32f1xx_hal_i2c.o ABSOLUTE
    ..\Drivers\STM32F1xx_HAL_Driver\Src\stm32f1xx_hal_pwr.c 0x00000000   Number         0  stm32f1xx_hal_pwr.o ABSOLUTE
    ..\Drivers\STM32F1xx_HAL_Driver\Src\stm32f1xx_hal_rcc.c 0x00000000   Number         0  stm32f1xx_hal_rcc.o ABSOLUTE
    ..\Drivers\STM32F1xx_HAL_Driver\Src\stm32f1xx_hal_rcc_ex.c 0x00000000   Number         0  stm32f1xx_hal_rcc_ex.o ABSOLUTE
    ..\Drivers\STM32F1xx_HAL_Driver\Src\stm32f1xx_hal_tim.c 0x00000000   Number         0  stm32f1xx_hal_tim.o ABSOLUTE
    ..\Drivers\STM32F1xx_HAL_Driver\Src\stm32f1xx_hal_tim_ex.c 0x00000000   Number         0  stm32f1xx_hal_tim_ex.o ABSOLUTE
    ..\Drivers\STM32F1xx_HAL_Driver\Src\stm32f1xx_hal_uart.c 0x00000000   Number         0  stm32f1xx_hal_uart.o ABSOLUTE
    ..\\Core\\Src\\character_lcd.c           0x00000000   Number         0  character_lcd.o ABSOLUTE
    ..\\Core\\Src\\esp8266_test.c            0x00000000   Number         0  esp8266_test.o ABSOLUTE
    ..\\Core\\Src\\mpu6050.c                 0x00000000   Number         0  mpu6050.o ABSOLUTE
    cdcmple.s                                0x00000000   Number         0  cdcmple.o ABSOLUTE
    cdrcmple.s                               0x00000000   Number         0  cdrcmple.o ABSOLUTE
    dc.s                                     0x00000000   Number         0  dc.o ABSOLUTE
    handlers.s                               0x00000000   Number         0  handlers.o ABSOLUTE
    init.s                                   0x00000000   Number         0  init.o ABSOLUTE
    startup_stm32f103xb.s                    0x00000000   Number         0  startup_stm32f103xb.o ABSOLUTE
    RESET                                    0x08000000   Section      236  startup_stm32f103xb.o(RESET)
    .ARM.Collect$$$$00000000                 0x080000ec   Section        0  entry.o(.ARM.Collect$$$$00000000)
    .ARM.Collect$$$$00000001                 0x080000ec   Section        4  entry2.o(.ARM.Collect$$$$00000001)
    .ARM.Collect$$$$00000004                 0x080000f0   Section        4  entry5.o(.ARM.Collect$$$$00000004)
    .ARM.Collect$$$$00000008                 0x080000f4   Section        0  entry7b.o(.ARM.Collect$$$$00000008)
    .ARM.Collect$$$$0000000A                 0x080000f4   Section        0  entry8b.o(.ARM.Collect$$$$0000000A)
    .ARM.Collect$$$$0000000B                 0x080000f4   Section        8  entry9a.o(.ARM.Collect$$$$0000000B)
    .ARM.Collect$$$$0000000D                 0x080000fc   Section        0  entry10a.o(.ARM.Collect$$$$0000000D)
    .ARM.Collect$$$$0000000F                 0x080000fc   Section        0  entry11a.o(.ARM.Collect$$$$0000000F)
    .ARM.Collect$$$$00002712                 0x080000fc   Section        4  entry2.o(.ARM.Collect$$$$00002712)
    __lit__00000000                          0x080000fc   Data           4  entry2.o(.ARM.Collect$$$$00002712)
    .text                                    0x08000100   Section       36  startup_stm32f103xb.o(.text)
    .text                                    0x08000124   Section        0  llushr.o(.text)
    .text                                    0x08000144   Section        0  memseta.o(.text)
    .text                                    0x08000168   Section        0  strcat.o(.text)
    .text                                    0x08000180   Section        0  strstr.o(.text)
    .text                                    0x080001a4   Section        0  strlen.o(.text)
    .text                                    0x080001b2   Section        0  fadd.o(.text)
    .text                                    0x08000262   Section        0  fdiv.o(.text)
    .text                                    0x080002de   Section        0  dadd.o(.text)
    .text                                    0x0800042c   Section        0  dmul.o(.text)
    .text                                    0x08000510   Section        0  ddiv.o(.text)
    .text                                    0x080005ee   Section        0  dscalb.o(.text)
    .text                                    0x0800061c   Section        0  fflti.o(.text)
    .text                                    0x0800062e   Section        0  dflti.o(.text)
    .text                                    0x08000650   Section        0  dfltui.o(.text)
    .text                                    0x0800066c   Section       48  cdcmple.o(.text)
    .text                                    0x0800069c   Section       48  cdrcmple.o(.text)
    .text                                    0x080006cc   Section        0  uidiv.o(.text)
    .text                                    0x080006f8   Section        0  llshl.o(.text)
    .text                                    0x08000716   Section        0  llsshr.o(.text)
    .text                                    0x0800073a   Section        0  fepilogue.o(.text)
    .text                                    0x0800073a   Section        0  iusefp.o(.text)
    .text                                    0x080007a8   Section        0  depilogue.o(.text)
    .text                                    0x08000862   Section        0  dsqrt.o(.text)
    .text                                    0x08000904   Section       36  init.o(.text)
    i.BusFault_Handler                       0x08000928   Section        0  stm32f1xx_it.o(i.BusFault_Handler)
    i.DebugMon_Handler                       0x0800092a   Section        0  stm32f1xx_it.o(i.DebugMon_Handler)
    i.ESP_ClearRdata                         0x0800092c   Section        0  esp8266_test.o(i.ESP_ClearRdata)
    i.ESP_IsDeviceReady                      0x08000944   Section        0  esp8266_test.o(i.ESP_IsDeviceReady)
    i.ESP_StartConnection                    0x0800098c   Section        0  esp8266_test.o(i.ESP_StartConnection)
    i.ESP_Transmit                           0x08000a1c   Section        0  esp8266_test.o(i.ESP_Transmit)
    i.Error_Handler                          0x08000adc   Section        0  main.o(i.Error_Handler)
    i.HAL_DMA_Abort                          0x08000ade   Section        0  stm32f1xx_hal_dma.o(i.HAL_DMA_Abort)
    i.HAL_DMA_Abort_IT                       0x08000b24   Section        0  stm32f1xx_hal_dma.o(i.HAL_DMA_Abort_IT)
    i.HAL_Delay                              0x08000bbc   Section        0  stm32f1xx_hal.o(i.HAL_Delay)
    i.HAL_GPIO_Init                          0x08000be0   Section        0  stm32f1xx_hal_gpio.o(i.HAL_GPIO_Init)
    i.HAL_GPIO_TogglePin                     0x08000dc0   Section        0  stm32f1xx_hal_gpio.o(i.HAL_GPIO_TogglePin)
    i.HAL_GPIO_WritePin                      0x08000dd0   Section        0  stm32f1xx_hal_gpio.o(i.HAL_GPIO_WritePin)
    i.HAL_GetTick                            0x08000ddc   Section        0  stm32f1xx_hal.o(i.HAL_GetTick)
    i.HAL_I2C_Init                           0x08000de8   Section        0  stm32f1xx_hal_i2c.o(i.HAL_I2C_Init)
    i.HAL_I2C_Mem_Read                       0x08000f70   Section        0  stm32f1xx_hal_i2c.o(i.HAL_I2C_Mem_Read)
    i.HAL_I2C_Mem_Write                      0x080011c0   Section        0  stm32f1xx_hal_i2c.o(i.HAL_I2C_Mem_Write)
    i.HAL_I2C_MspInit                        0x080012f0   Section        0  i2c.o(i.HAL_I2C_MspInit)
    i.HAL_IncTick                            0x0800134c   Section        0  stm32f1xx_hal.o(i.HAL_IncTick)
    i.HAL_Init                               0x0800135c   Section        0  stm32f1xx_hal.o(i.HAL_Init)
    i.HAL_InitTick                           0x08001380   Section        0  stm32f1xx_hal.o(i.HAL_InitTick)
    i.HAL_MspInit                            0x080013c0   Section        0  stm32f1xx_hal_msp.o(i.HAL_MspInit)
    i.HAL_NVIC_EnableIRQ                     0x080013fc   Section        0  stm32f1xx_hal_cortex.o(i.HAL_NVIC_EnableIRQ)
    i.HAL_NVIC_SetPriority                   0x08001418   Section        0  stm32f1xx_hal_cortex.o(i.HAL_NVIC_SetPriority)
    i.HAL_NVIC_SetPriorityGrouping           0x08001458   Section        0  stm32f1xx_hal_cortex.o(i.HAL_NVIC_SetPriorityGrouping)
    i.HAL_RCC_ClockConfig                    0x0800147c   Section        0  stm32f1xx_hal_rcc.o(i.HAL_RCC_ClockConfig)
    i.HAL_RCC_GetPCLK1Freq                   0x080015a8   Section        0  stm32f1xx_hal_rcc.o(i.HAL_RCC_GetPCLK1Freq)
    i.HAL_RCC_GetPCLK2Freq                   0x080015c8   Section        0  stm32f1xx_hal_rcc.o(i.HAL_RCC_GetPCLK2Freq)
    i.HAL_RCC_GetSysClockFreq                0x080015e8   Section        0  stm32f1xx_hal_rcc.o(i.HAL_RCC_GetSysClockFreq)
    i.HAL_RCC_OscConfig                      0x08001654   Section        0  stm32f1xx_hal_rcc.o(i.HAL_RCC_OscConfig)
    i.HAL_SYSTICK_Config                     0x08001974   Section        0  stm32f1xx_hal_cortex.o(i.HAL_SYSTICK_Config)
    i.HAL_UARTEx_RxEventCallback             0x0800199c   Section        0  stm32f1xx_hal_uart.o(i.HAL_UARTEx_RxEventCallback)
    i.HAL_UART_ErrorCallback                 0x0800199e   Section        0  stm32f1xx_hal_uart.o(i.HAL_UART_ErrorCallback)
    i.HAL_UART_IRQHandler                    0x080019a0   Section        0  stm32f1xx_hal_uart.o(i.HAL_UART_IRQHandler)
    i.HAL_UART_Init                          0x08001bac   Section        0  stm32f1xx_hal_uart.o(i.HAL_UART_Init)
    i.HAL_UART_MspInit                       0x08001c10   Section        0  usart.o(i.HAL_UART_MspInit)
    i.HAL_UART_Receive_IT                    0x08001c90   Section        0  stm32f1xx_hal_uart.o(i.HAL_UART_Receive_IT)
    i.HAL_UART_RxCpltCallback                0x08001cbc   Section        0  esp8266_test.o(i.HAL_UART_RxCpltCallback)
    i.HAL_UART_Transmit                      0x08001ce0   Section        0  stm32f1xx_hal_uart.o(i.HAL_UART_Transmit)
    i.HAL_UART_TxCpltCallback                0x08001d92   Section        0  stm32f1xx_hal_uart.o(i.HAL_UART_TxCpltCallback)
    i.HardFault_Handler                      0x08001d94   Section        0  stm32f1xx_it.o(i.HardFault_Handler)
    i.I2C_IsAcknowledgeFailed                0x08001d96   Section        0  stm32f1xx_hal_i2c.o(i.I2C_IsAcknowledgeFailed)
    I2C_IsAcknowledgeFailed                  0x08001d97   Thumb Code    46  stm32f1xx_hal_i2c.o(i.I2C_IsAcknowledgeFailed)
    i.I2C_RequestMemoryRead                  0x08001dc4   Section        0  stm32f1xx_hal_i2c.o(i.I2C_RequestMemoryRead)
    I2C_RequestMemoryRead                    0x08001dc5   Thumb Code   246  stm32f1xx_hal_i2c.o(i.I2C_RequestMemoryRead)
    i.I2C_RequestMemoryWrite                 0x08001ec0   Section        0  stm32f1xx_hal_i2c.o(i.I2C_RequestMemoryWrite)
    I2C_RequestMemoryWrite                   0x08001ec1   Thumb Code   162  stm32f1xx_hal_i2c.o(i.I2C_RequestMemoryWrite)
    i.I2C_WaitOnBTFFlagUntilTimeout          0x08001f68   Section        0  stm32f1xx_hal_i2c.o(i.I2C_WaitOnBTFFlagUntilTimeout)
    I2C_WaitOnBTFFlagUntilTimeout            0x08001f69   Thumb Code    76  stm32f1xx_hal_i2c.o(i.I2C_WaitOnBTFFlagUntilTimeout)
    i.I2C_WaitOnFlagUntilTimeout             0x08001fb4   Section        0  stm32f1xx_hal_i2c.o(i.I2C_WaitOnFlagUntilTimeout)
    I2C_WaitOnFlagUntilTimeout               0x08001fb5   Thumb Code   104  stm32f1xx_hal_i2c.o(i.I2C_WaitOnFlagUntilTimeout)
    i.I2C_WaitOnMasterAddressFlagUntilTimeout 0x0800201c   Section        0  stm32f1xx_hal_i2c.o(i.I2C_WaitOnMasterAddressFlagUntilTimeout)
    I2C_WaitOnMasterAddressFlagUntilTimeout  0x0800201d   Thumb Code   150  stm32f1xx_hal_i2c.o(i.I2C_WaitOnMasterAddressFlagUntilTimeout)
    i.I2C_WaitOnRXNEFlagUntilTimeout         0x080020b2   Section        0  stm32f1xx_hal_i2c.o(i.I2C_WaitOnRXNEFlagUntilTimeout)
    I2C_WaitOnRXNEFlagUntilTimeout           0x080020b3   Thumb Code   102  stm32f1xx_hal_i2c.o(i.I2C_WaitOnRXNEFlagUntilTimeout)
    i.I2C_WaitOnTXEFlagUntilTimeout          0x08002118   Section        0  stm32f1xx_hal_i2c.o(i.I2C_WaitOnTXEFlagUntilTimeout)
    I2C_WaitOnTXEFlagUntilTimeout            0x08002119   Thumb Code    76  stm32f1xx_hal_i2c.o(i.I2C_WaitOnTXEFlagUntilTimeout)
    i.Kalman_getAngle                        0x08002164   Section        0  mpu6050.o(i.Kalman_getAngle)
    i.LCD_4BitModeInit                       0x080022f0   Section        0  character_lcd.o(i.LCD_4BitModeInit)
    i.LCD_8BitModeInit                       0x08002360   Section        0  character_lcd.o(i.LCD_8BitModeInit)
    i.LCD_Clear                              0x080023d0   Section        0  character_lcd.o(i.LCD_Clear)
    i.LCD_GotoXY                             0x080023e8   Section        0  character_lcd.o(i.LCD_GotoXY)
    i.LCD_Init                               0x08002414   Section        0  character_lcd.o(i.LCD_Init)
    i.LCD_PutString                          0x08002430   Section        0  character_lcd.o(i.LCD_PutString)
    i.MPU6050_Init                           0x0800244c   Section        0  mpu6050.o(i.MPU6050_Init)
    i.MPU6050_Read_All                       0x080024e0   Section        0  mpu6050.o(i.MPU6050_Read_All)
    i.MX_GPIO_Init                           0x08002720   Section        0  gpio.o(i.MX_GPIO_Init)
    i.MX_I2C1_Init                           0x080027cc   Section        0  i2c.o(i.MX_I2C1_Init)
    i.MX_USART1_UART_Init                    0x0800280c   Section        0  usart.o(i.MX_USART1_UART_Init)
    i.MemManage_Handler                      0x08002844   Section        0  stm32f1xx_it.o(i.MemManage_Handler)
    i.NMI_Handler                            0x08002846   Section        0  stm32f1xx_it.o(i.NMI_Handler)
    i.PendSV_Handler                         0x08002848   Section        0  stm32f1xx_it.o(i.PendSV_Handler)
    i.PutData_4Bit                           0x0800284c   Section        0  character_lcd.o(i.PutData_4Bit)
    PutData_4Bit                             0x0800284d   Thumb Code   152  character_lcd.o(i.PutData_4Bit)
    i.SVC_Handler                            0x080028e8   Section        0  stm32f1xx_it.o(i.SVC_Handler)
    i.SendCommand_4Bit                       0x080028ec   Section        0  character_lcd.o(i.SendCommand_4Bit)
    SendCommand_4Bit                         0x080028ed   Thumb Code   130  character_lcd.o(i.SendCommand_4Bit)
    i.SendCommand_8Bit                       0x08002974   Section        0  character_lcd.o(i.SendCommand_8Bit)
    SendCommand_8Bit                         0x08002975   Thumb Code    76  character_lcd.o(i.SendCommand_8Bit)
    i.SysTick_Handler                        0x080029c4   Section        0  stm32f1xx_it.o(i.SysTick_Handler)
    i.SystemClock_Config                     0x080029c8   Section        0  main.o(i.SystemClock_Config)
    i.SystemInit                             0x08002a16   Section        0  system_stm32f1xx.o(i.SystemInit)
    i.UART_DMAAbortOnError                   0x08002a18   Section        0  stm32f1xx_hal_uart.o(i.UART_DMAAbortOnError)
    UART_DMAAbortOnError                     0x08002a19   Thumb Code    16  stm32f1xx_hal_uart.o(i.UART_DMAAbortOnError)
    i.UART_EndRxTransfer                     0x08002a28   Section        0  stm32f1xx_hal_uart.o(i.UART_EndRxTransfer)
    UART_EndRxTransfer                       0x08002a29   Thumb Code    48  stm32f1xx_hal_uart.o(i.UART_EndRxTransfer)
    i.UART_Receive_IT                        0x08002a58   Section        0  stm32f1xx_hal_uart.o(i.UART_Receive_IT)
    UART_Receive_IT                          0x08002a59   Thumb Code   182  stm32f1xx_hal_uart.o(i.UART_Receive_IT)
    i.UART_SetConfig                         0x08002b10   Section        0  stm32f1xx_hal_uart.o(i.UART_SetConfig)
    UART_SetConfig                           0x08002b11   Thumb Code   178  stm32f1xx_hal_uart.o(i.UART_SetConfig)
    i.UART_Start_Receive_IT                  0x08002bc8   Section        0  stm32f1xx_hal_uart.o(i.UART_Start_Receive_IT)
    i.UART_WaitOnFlagUntilTimeout            0x08002bfe   Section        0  stm32f1xx_hal_uart.o(i.UART_WaitOnFlagUntilTimeout)
    UART_WaitOnFlagUntilTimeout              0x08002bff   Thumb Code   100  stm32f1xx_hal_uart.o(i.UART_WaitOnFlagUntilTimeout)
    i.USART1_IRQHandler                      0x08002c64   Section        0  stm32f1xx_it.o(i.USART1_IRQHandler)
    i.UsageFault_Handler                     0x08002c70   Section        0  stm32f1xx_it.o(i.UsageFault_Handler)
    i.__0sprintf$3                           0x08002c74   Section        0  printf3.o(i.__0sprintf$3)
    i.__ARM_fpclassify                       0x08002c9c   Section        0  fpclassify.o(i.__ARM_fpclassify)
    i.__NVIC_SetPriority                     0x08002cc4   Section        0  stm32f1xx_hal_cortex.o(i.__NVIC_SetPriority)
    __NVIC_SetPriority                       0x08002cc5   Thumb Code    32  stm32f1xx_hal_cortex.o(i.__NVIC_SetPriority)
    i.__kernel_poly                          0x08002ce4   Section        0  poly.o(i.__kernel_poly)
    i.__mathlib_dbl_infnan                   0x08002d8e   Section        0  dunder.o(i.__mathlib_dbl_infnan)
    i.__mathlib_dbl_infnan2                  0x08002d94   Section        0  dunder.o(i.__mathlib_dbl_infnan2)
    i.__mathlib_dbl_underflow                0x08002d98   Section        0  dunder.o(i.__mathlib_dbl_underflow)
    i.__scatterload_copy                     0x08002da8   Section       14  handlers.o(i.__scatterload_copy)
    i.__scatterload_null                     0x08002db6   Section        2  handlers.o(i.__scatterload_null)
    i.__scatterload_zeroinit                 0x08002db8   Section       14  handlers.o(i.__scatterload_zeroinit)
    i.__set_errno                            0x08002dc8   Section        0  errno.o(i.__set_errno)
    i._printf_core                           0x08002dd4   Section        0  printf3.o(i._printf_core)
    _printf_core                             0x08002dd5   Thumb Code   436  printf3.o(i._printf_core)
    i._sputc                                 0x08002f8c   Section        0  printf3.o(i._sputc)
    _sputc                                   0x08002f8d   Thumb Code    10  printf3.o(i._sputc)
    i.atan                                   0x08002f98   Section        0  atan.o(i.atan)
    i.atan2                                  0x080031b8   Section        0  atan2.o(i.atan2)
    i.main                                   0x08003338   Section        0  main.o(i.main)
    i.max3                                   0x0800358c   Section        0  main.o(i.max3)
    i.my_abs                                 0x08003628   Section        0  main.o(i.my_abs)
    i.sqrt                                   0x08003644   Section        0  sqrt.o(i.sqrt)
    .constdata                               0x08003690   Section       16  system_stm32f1xx.o(.constdata)
    .constdata                               0x080036a0   Section        8  system_stm32f1xx.o(.constdata)
    .constdata                               0x080036a8   Section      152  atan.o(.constdata)
    atanhi                                   0x080036a8   Data          32  atan.o(.constdata)
    atanlo                                   0x080036c8   Data          32  atan.o(.constdata)
    aTodd                                    0x080036e8   Data          40  atan.o(.constdata)
    aTeven                                   0x08003710   Data          48  atan.o(.constdata)
    .constdata                               0x08003740   Section        8  qnan.o(.constdata)
    .data                                    0x20000000   Section      152  mpu6050.o(.data)
    .data                                    0x20000098   Section        6  esp8266_test.o(.data)
    .data                                    0x200000a0   Section       12  character_lcd.o(.data)
    .data                                    0x200000b0   Section       64  main.o(.data)
    .data                                    0x200000f0   Section       12  stm32f1xx_hal.o(.data)
    .data                                    0x200000fc   Section        4  system_stm32f1xx.o(.data)
    .data                                    0x20000100   Section        4  errno.o(.data)
    _errno                                   0x20000100   Data           4  errno.o(.data)
    .bss                                     0x20000104   Section      280  esp8266_test.o(.bss)
    .bss                                     0x20000220   Section       88  main.o(.bss)
    .bss                                     0x20000278   Section       84  i2c.o(.bss)
    .bss                                     0x200002cc   Section       68  usart.o(.bss)
    STACK                                    0x20000310   Section     1024  startup_stm32f103xb.o(STACK)

    Global Symbols

    Symbol Name                              Value     Ov Type        Size  Object(Section)

    BuildAttributes$$THM_ISAv4$P$D$K$B$S$PE$A:L22UL41UL21$X:L11$S22US41US21$IEEE1$IW$USESV6$~STKCKD$USESV7$~SHL$OTIME$ROPI$IEEEX$EBA8$MICROLIB$REQ8$PRES8$EABIv2 0x00000000   Number         0  anon$$obj.o ABSOLUTE
    __ARM_use_no_argv                        0x00000000   Number         0  main.o ABSOLUTE
    _printf_a                                0x00000000   Number         0  stubs.o ABSOLUTE
    _printf_c                                0x00000000   Number         0  stubs.o ABSOLUTE
    _printf_charcount                        0x00000000   Number         0  stubs.o ABSOLUTE
    _printf_d                                0x00000000   Number         0  stubs.o ABSOLUTE
    _printf_e                                0x00000000   Number         0  stubs.o ABSOLUTE
    _printf_f                                0x00000000   Number         0  stubs.o ABSOLUTE
    _printf_flags                            0x00000000   Number         0  stubs.o ABSOLUTE
    _printf_fp_dec                           0x00000000   Number         0  stubs.o ABSOLUTE
    _printf_fp_hex                           0x00000000   Number         0  stubs.o ABSOLUTE
    _printf_g                                0x00000000   Number         0  stubs.o ABSOLUTE
    _printf_i                                0x00000000   Number         0  stubs.o ABSOLUTE
    _printf_int_dec                          0x00000000   Number         0  stubs.o ABSOLUTE
    _printf_l                                0x00000000   Number         0  stubs.o ABSOLUTE
    _printf_lc                               0x00000000   Number         0  stubs.o ABSOLUTE
    _printf_ll                               0x00000000   Number         0  stubs.o ABSOLUTE
    _printf_lld                              0x00000000   Number         0  stubs.o ABSOLUTE
    _printf_lli                              0x00000000   Number         0  stubs.o ABSOLUTE
    _printf_llo                              0x00000000   Number         0  stubs.o ABSOLUTE
    _printf_llu                              0x00000000   Number         0  stubs.o ABSOLUTE
    _printf_llx                              0x00000000   Number         0  stubs.o ABSOLUTE
    _printf_longlong_dec                     0x00000000   Number         0  stubs.o ABSOLUTE
    _printf_longlong_hex                     0x00000000   Number         0  stubs.o ABSOLUTE
    _printf_longlong_oct                     0x00000000   Number         0  stubs.o ABSOLUTE
    _printf_ls                               0x00000000   Number         0  stubs.o ABSOLUTE
    _printf_mbtowc                           0x00000000   Number         0  stubs.o ABSOLUTE
    _printf_n                                0x00000000   Number         0  stubs.o ABSOLUTE
    _printf_o                                0x00000000   Number         0  stubs.o ABSOLUTE
    _printf_p                                0x00000000   Number         0  stubs.o ABSOLUTE
    _printf_percent                          0x00000000   Number         0  stubs.o ABSOLUTE
    _printf_pre_padding                      0x00000000   Number         0  stubs.o ABSOLUTE
    _printf_return_value                     0x00000000   Number         0  stubs.o ABSOLUTE
    _printf_s                                0x00000000   Number         0  stubs.o ABSOLUTE
    _printf_sizespec                         0x00000000   Number         0  stubs.o ABSOLUTE
    _printf_str                              0x00000000   Number         0  stubs.o ABSOLUTE
    _printf_truncate_signed                  0x00000000   Number         0  stubs.o ABSOLUTE
    _printf_truncate_unsigned                0x00000000   Number         0  stubs.o ABSOLUTE
    _printf_u                                0x00000000   Number         0  stubs.o ABSOLUTE
    _printf_wc                               0x00000000   Number         0  stubs.o ABSOLUTE
    _printf_wctomb                           0x00000000   Number         0  stubs.o ABSOLUTE
    _printf_widthprec                        0x00000000   Number         0  stubs.o ABSOLUTE
    _printf_x                                0x00000000   Number         0  stubs.o ABSOLUTE
    __cpp_initialize__aeabi_                  - Undefined Weak Reference
    __cxa_finalize                            - Undefined Weak Reference
    __decompress                              - Undefined Weak Reference
    _clock_init                               - Undefined Weak Reference
    _microlib_exit                            - Undefined Weak Reference
    __Vectors_Size                           0x000000ec   Number         0  startup_stm32f103xb.o ABSOLUTE
    __Vectors                                0x08000000   Data           4  startup_stm32f103xb.o(RESET)
    __Vectors_End                            0x080000ec   Data           0  startup_stm32f103xb.o(RESET)
    __main                                   0x080000ed   Thumb Code     0  entry.o(.ARM.Collect$$$$00000000)
    _main_stk                                0x080000ed   Thumb Code     0  entry2.o(.ARM.Collect$$$$00000001)
    _main_scatterload                        0x080000f1   Thumb Code     0  entry5.o(.ARM.Collect$$$$00000004)
    __main_after_scatterload                 0x080000f5   Thumb Code     0  entry5.o(.ARM.Collect$$$$00000004)
    _main_clock                              0x080000f5   Thumb Code     0  entry7b.o(.ARM.Collect$$$$00000008)
    _main_cpp_init                           0x080000f5   Thumb Code     0  entry8b.o(.ARM.Collect$$$$0000000A)
    _main_init                               0x080000f5   Thumb Code     0  entry9a.o(.ARM.Collect$$$$0000000B)
    __rt_final_cpp                           0x080000fd   Thumb Code     0  entry10a.o(.ARM.Collect$$$$0000000D)
    __rt_final_exit                          0x080000fd   Thumb Code     0  entry11a.o(.ARM.Collect$$$$0000000F)
    Reset_Handler                            0x08000101   Thumb Code     8  startup_stm32f103xb.o(.text)
    ADC1_2_IRQHandler                        0x0800011b   Thumb Code     0  startup_stm32f103xb.o(.text)
    CAN1_RX1_IRQHandler                      0x0800011b   Thumb Code     0  startup_stm32f103xb.o(.text)
    CAN1_SCE_IRQHandler                      0x0800011b   Thumb Code     0  startup_stm32f103xb.o(.text)
    DMA1_Channel1_IRQHandler                 0x0800011b   Thumb Code     0  startup_stm32f103xb.o(.text)
    DMA1_Channel2_IRQHandler                 0x0800011b   Thumb Code     0  startup_stm32f103xb.o(.text)
    DMA1_Channel3_IRQHandler                 0x0800011b   Thumb Code     0  startup_stm32f103xb.o(.text)
    DMA1_Channel4_IRQHandler                 0x0800011b   Thumb Code     0  startup_stm32f103xb.o(.text)
    DMA1_Channel5_IRQHandler                 0x0800011b   Thumb Code     0  startup_stm32f103xb.o(.text)
    DMA1_Channel6_IRQHandler                 0x0800011b   Thumb Code     0  startup_stm32f103xb.o(.text)
    DMA1_Channel7_IRQHandler                 0x0800011b   Thumb Code     0  startup_stm32f103xb.o(.text)
    EXTI0_IRQHandler                         0x0800011b   Thumb Code     0  startup_stm32f103xb.o(.text)
    EXTI15_10_IRQHandler                     0x0800011b   Thumb Code     0  startup_stm32f103xb.o(.text)
    EXTI1_IRQHandler                         0x0800011b   Thumb Code     0  startup_stm32f103xb.o(.text)
    EXTI2_IRQHandler                         0x0800011b   Thumb Code     0  startup_stm32f103xb.o(.text)
    EXTI3_IRQHandler                         0x0800011b   Thumb Code     0  startup_stm32f103xb.o(.text)
    EXTI4_IRQHandler                         0x0800011b   Thumb Code     0  startup_stm32f103xb.o(.text)
    EXTI9_5_IRQHandler                       0x0800011b   Thumb Code     0  startup_stm32f103xb.o(.text)
    FLASH_IRQHandler                         0x0800011b   Thumb Code     0  startup_stm32f103xb.o(.text)
    I2C1_ER_IRQHandler                       0x0800011b   Thumb Code     0  startup_stm32f103xb.o(.text)
    I2C1_EV_IRQHandler                       0x0800011b   Thumb Code     0  startup_stm32f103xb.o(.text)
    I2C2_ER_IRQHandler                       0x0800011b   Thumb Code     0  startup_stm32f103xb.o(.text)
    I2C2_EV_IRQHandler                       0x0800011b   Thumb Code     0  startup_stm32f103xb.o(.text)
    PVD_IRQHandler                           0x0800011b   Thumb Code     0  startup_stm32f103xb.o(.text)
    RCC_IRQHandler                           0x0800011b   Thumb Code     0  startup_stm32f103xb.o(.text)
    RTC_Alarm_IRQHandler                     0x0800011b   Thumb Code     0  startup_stm32f103xb.o(.text)
    RTC_IRQHandler                           0x0800011b   Thumb Code     0  startup_stm32f103xb.o(.text)
    SPI1_IRQHandler                          0x0800011b   Thumb Code     0  startup_stm32f103xb.o(.text)
    SPI2_IRQHandler                          0x0800011b   Thumb Code     0  startup_stm32f103xb.o(.text)
    TAMPER_IRQHandler                        0x0800011b   Thumb Code     0  startup_stm32f103xb.o(.text)
    TIM1_BRK_IRQHandler                      0x0800011b   Thumb Code     0  startup_stm32f103xb.o(.text)
    TIM1_CC_IRQHandler                       0x0800011b   Thumb Code     0  startup_stm32f103xb.o(.text)
    TIM1_TRG_COM_IRQHandler                  0x0800011b   Thumb Code     0  startup_stm32f103xb.o(.text)
    TIM1_UP_IRQHandler                       0x0800011b   Thumb Code     0  startup_stm32f103xb.o(.text)
    TIM2_IRQHandler                          0x0800011b   Thumb Code     0  startup_stm32f103xb.o(.text)
    TIM3_IRQHandler                          0x0800011b   Thumb Code     0  startup_stm32f103xb.o(.text)
    TIM4_IRQHandler                          0x0800011b   Thumb Code     0  startup_stm32f103xb.o(.text)
    USART2_IRQHandler                        0x0800011b   Thumb Code     0  startup_stm32f103xb.o(.text)
    USART3_IRQHandler                        0x0800011b   Thumb Code     0  startup_stm32f103xb.o(.text)
    USBWakeUp_IRQHandler                     0x0800011b   Thumb Code     0  startup_stm32f103xb.o(.text)
    USB_HP_CAN1_TX_IRQHandler                0x0800011b   Thumb Code     0  startup_stm32f103xb.o(.text)
    USB_LP_CAN1_RX0_IRQHandler               0x0800011b   Thumb Code     0  startup_stm32f103xb.o(.text)
    WWDG_IRQHandler                          0x0800011b   Thumb Code     0  startup_stm32f103xb.o(.text)
    __aeabi_llsr                             0x08000125   Thumb Code    32  llushr.o(.text)
    _ll_ushift_r                             0x08000125   Thumb Code     0  llushr.o(.text)
    __aeabi_memset                           0x08000145   Thumb Code    14  memseta.o(.text)
    __aeabi_memset4                          0x08000145   Thumb Code     0  memseta.o(.text)
    __aeabi_memset8                          0x08000145   Thumb Code     0  memseta.o(.text)
    __aeabi_memclr                           0x08000153   Thumb Code     4  memseta.o(.text)
    __aeabi_memclr4                          0x08000153   Thumb Code     0  memseta.o(.text)
    __aeabi_memclr8                          0x08000153   Thumb Code     0  memseta.o(.text)
    _memset$wrapper                          0x08000157   Thumb Code    18  memseta.o(.text)
    strcat                                   0x08000169   Thumb Code    24  strcat.o(.text)
    strstr                                   0x08000181   Thumb Code    36  strstr.o(.text)
    strlen                                   0x080001a5   Thumb Code    14  strlen.o(.text)
    __aeabi_fadd                             0x080001b3   Thumb Code   164  fadd.o(.text)
    __aeabi_fsub                             0x08000257   Thumb Code     6  fadd.o(.text)
    __aeabi_frsub                            0x0800025d   Thumb Code     6  fadd.o(.text)
    __aeabi_fdiv                             0x08000263   Thumb Code   124  fdiv.o(.text)
    __aeabi_dadd                             0x080002df   Thumb Code   322  dadd.o(.text)
    __aeabi_dsub                             0x08000421   Thumb Code     6  dadd.o(.text)
    __aeabi_drsub                            0x08000427   Thumb Code     6  dadd.o(.text)
    __aeabi_dmul                             0x0800042d   Thumb Code   228  dmul.o(.text)
    __aeabi_ddiv                             0x08000511   Thumb Code   222  ddiv.o(.text)
    __ARM_scalbn                             0x080005ef   Thumb Code    46  dscalb.o(.text)
    scalbn                                   0x080005ef   Thumb Code     0  dscalb.o(.text)
    __aeabi_i2f                              0x0800061d   Thumb Code    18  fflti.o(.text)
    __aeabi_i2d                              0x0800062f   Thumb Code    34  dflti.o(.text)
    __aeabi_ui2d                             0x08000651   Thumb Code    26  dfltui.o(.text)
    __aeabi_cdcmpeq                          0x0800066d   Thumb Code     0  cdcmple.o(.text)
    __aeabi_cdcmple                          0x0800066d   Thumb Code    48  cdcmple.o(.text)
    __aeabi_cdrcmple                         0x0800069d   Thumb Code    48  cdrcmple.o(.text)
    __aeabi_uidiv                            0x080006cd   Thumb Code     0  uidiv.o(.text)
    __aeabi_uidivmod                         0x080006cd   Thumb Code    44  uidiv.o(.text)
    __aeabi_llsl                             0x080006f9   Thumb Code    30  llshl.o(.text)
    _ll_shift_l                              0x080006f9   Thumb Code     0  llshl.o(.text)
    __aeabi_lasr                             0x08000717   Thumb Code    36  llsshr.o(.text)
    _ll_sshift_r                             0x08000717   Thumb Code     0  llsshr.o(.text)
    __I$use$fp                               0x0800073b   Thumb Code     0  iusefp.o(.text)
    _float_round                             0x0800073b   Thumb Code    18  fepilogue.o(.text)
    _float_epilogue                          0x0800074d   Thumb Code    92  fepilogue.o(.text)
    _double_round                            0x080007a9   Thumb Code    30  depilogue.o(.text)
    _double_epilogue                         0x080007c7   Thumb Code   156  depilogue.o(.text)
    _dsqrt                                   0x08000863   Thumb Code   162  dsqrt.o(.text)
    __scatterload                            0x08000905   Thumb Code    28  init.o(.text)
    __scatterload_rt2                        0x08000905   Thumb Code     0  init.o(.text)
    BusFault_Handler                         0x08000929   Thumb Code     2  stm32f1xx_it.o(i.BusFault_Handler)
    DebugMon_Handler                         0x0800092b   Thumb Code     2  stm32f1xx_it.o(i.DebugMon_Handler)
    ESP_ClearRdata                           0x0800092d   Thumb Code    20  esp8266_test.o(i.ESP_ClearRdata)
    ESP_IsDeviceReady                        0x08000945   Thumb Code    48  esp8266_test.o(i.ESP_IsDeviceReady)
    ESP_StartConnection                      0x0800098d   Thumb Code    90  esp8266_test.o(i.ESP_StartConnection)
    ESP_Transmit                             0x08000a1d   Thumb Code   136  esp8266_test.o(i.ESP_Transmit)
    Error_Handler                            0x08000add   Thumb Code     2  main.o(i.Error_Handler)
    HAL_DMA_Abort                            0x08000adf   Thumb Code    70  stm32f1xx_hal_dma.o(i.HAL_DMA_Abort)
    HAL_DMA_Abort_IT                         0x08000b25   Thumb Code   148  stm32f1xx_hal_dma.o(i.HAL_DMA_Abort_IT)
    HAL_Delay                                0x08000bbd   Thumb Code    32  stm32f1xx_hal.o(i.HAL_Delay)
    HAL_GPIO_Init                            0x08000be1   Thumb Code   446  stm32f1xx_hal_gpio.o(i.HAL_GPIO_Init)
    HAL_GPIO_TogglePin                       0x08000dc1   Thumb Code    16  stm32f1xx_hal_gpio.o(i.HAL_GPIO_TogglePin)
    HAL_GPIO_WritePin                        0x08000dd1   Thumb Code    10  stm32f1xx_hal_gpio.o(i.HAL_GPIO_WritePin)
    HAL_GetTick                              0x08000ddd   Thumb Code     6  stm32f1xx_hal.o(i.HAL_GetTick)
    HAL_I2C_Init                             0x08000de9   Thumb Code   376  stm32f1xx_hal_i2c.o(i.HAL_I2C_Init)
    HAL_I2C_Mem_Read                         0x08000f71   Thumb Code   574  stm32f1xx_hal_i2c.o(i.HAL_I2C_Mem_Read)
    HAL_I2C_Mem_Write                        0x080011c1   Thumb Code   294  stm32f1xx_hal_i2c.o(i.HAL_I2C_Mem_Write)
    HAL_I2C_MspInit                          0x080012f1   Thumb Code    80  i2c.o(i.HAL_I2C_MspInit)
    HAL_IncTick                              0x0800134d   Thumb Code    12  stm32f1xx_hal.o(i.HAL_IncTick)
    HAL_Init                                 0x0800135d   Thumb Code    32  stm32f1xx_hal.o(i.HAL_Init)
    HAL_InitTick                             0x08001381   Thumb Code    54  stm32f1xx_hal.o(i.HAL_InitTick)
    HAL_MspInit                              0x080013c1   Thumb Code    52  stm32f1xx_hal_msp.o(i.HAL_MspInit)
    HAL_NVIC_EnableIRQ                       0x080013fd   Thumb Code    26  stm32f1xx_hal_cortex.o(i.HAL_NVIC_EnableIRQ)
    HAL_NVIC_SetPriority                     0x08001419   Thumb Code    60  stm32f1xx_hal_cortex.o(i.HAL_NVIC_SetPriority)
    HAL_NVIC_SetPriorityGrouping             0x08001459   Thumb Code    26  stm32f1xx_hal_cortex.o(i.HAL_NVIC_SetPriorityGrouping)
    HAL_RCC_ClockConfig                      0x0800147d   Thumb Code   280  stm32f1xx_hal_rcc.o(i.HAL_RCC_ClockConfig)
    HAL_RCC_GetPCLK1Freq                     0x080015a9   Thumb Code    20  stm32f1xx_hal_rcc.o(i.HAL_RCC_GetPCLK1Freq)
    HAL_RCC_GetPCLK2Freq                     0x080015c9   Thumb Code    20  stm32f1xx_hal_rcc.o(i.HAL_RCC_GetPCLK2Freq)
    HAL_RCC_GetSysClockFreq                  0x080015e9   Thumb Code    74  stm32f1xx_hal_rcc.o(i.HAL_RCC_GetSysClockFreq)
    HAL_RCC_OscConfig                        0x08001655   Thumb Code   778  stm32f1xx_hal_rcc.o(i.HAL_RCC_OscConfig)
    HAL_SYSTICK_Config                       0x08001975   Thumb Code    40  stm32f1xx_hal_cortex.o(i.HAL_SYSTICK_Config)
    HAL_UARTEx_RxEventCallback               0x0800199d   Thumb Code     2  stm32f1xx_hal_uart.o(i.HAL_UARTEx_RxEventCallback)
    HAL_UART_ErrorCallback                   0x0800199f   Thumb Code     2  stm32f1xx_hal_uart.o(i.HAL_UART_ErrorCallback)
    HAL_UART_IRQHandler                      0x080019a1   Thumb Code   520  stm32f1xx_hal_uart.o(i.HAL_UART_IRQHandler)
    HAL_UART_Init                            0x08001bad   Thumb Code    98  stm32f1xx_hal_uart.o(i.HAL_UART_Init)
    HAL_UART_MspInit                         0x08001c11   Thumb Code   116  usart.o(i.HAL_UART_MspInit)
    HAL_UART_Receive_IT                      0x08001c91   Thumb Code    42  stm32f1xx_hal_uart.o(i.HAL_UART_Receive_IT)
    HAL_UART_RxCpltCallback                  0x08001cbd   Thumb Code    24  esp8266_test.o(i.HAL_UART_RxCpltCallback)
    HAL_UART_Transmit                        0x08001ce1   Thumb Code   178  stm32f1xx_hal_uart.o(i.HAL_UART_Transmit)
    HAL_UART_TxCpltCallback                  0x08001d93   Thumb Code     2  stm32f1xx_hal_uart.o(i.HAL_UART_TxCpltCallback)
    HardFault_Handler                        0x08001d95   Thumb Code     2  stm32f1xx_it.o(i.HardFault_Handler)
    Kalman_getAngle                          0x08002165   Thumb Code   396  mpu6050.o(i.Kalman_getAngle)
    LCD_4BitModeInit                         0x080022f1   Thumb Code    98  character_lcd.o(i.LCD_4BitModeInit)
    LCD_8BitModeInit                         0x08002361   Thumb Code    98  character_lcd.o(i.LCD_8BitModeInit)
    LCD_Clear                                0x080023d1   Thumb Code    20  character_lcd.o(i.LCD_Clear)
    LCD_GotoXY                               0x080023e9   Thumb Code    38  character_lcd.o(i.LCD_GotoXY)
    LCD_Init                                 0x08002415   Thumb Code    22  character_lcd.o(i.LCD_Init)
    LCD_PutString                            0x08002431   Thumb Code    22  character_lcd.o(i.LCD_PutString)
    MPU6050_Init                             0x0800244d   Thumb Code   146  mpu6050.o(i.MPU6050_Init)
    MPU6050_Read_All                         0x080024e1   Thumb Code   536  mpu6050.o(i.MPU6050_Read_All)
    MX_GPIO_Init                             0x08002721   Thumb Code   160  gpio.o(i.MX_GPIO_Init)
    MX_I2C1_Init                             0x080027cd   Thumb Code    50  i2c.o(i.MX_I2C1_Init)
    MX_USART1_UART_Init                      0x0800280d   Thumb Code    48  usart.o(i.MX_USART1_UART_Init)
    MemManage_Handler                        0x08002845   Thumb Code     2  stm32f1xx_it.o(i.MemManage_Handler)
    NMI_Handler                              0x08002847   Thumb Code     2  stm32f1xx_it.o(i.NMI_Handler)
    PendSV_Handler                           0x08002849   Thumb Code     2  stm32f1xx_it.o(i.PendSV_Handler)
    SVC_Handler                              0x080028e9   Thumb Code     2  stm32f1xx_it.o(i.SVC_Handler)
    SysTick_Handler                          0x080029c5   Thumb Code     4  stm32f1xx_it.o(i.SysTick_Handler)
    SystemClock_Config                       0x080029c9   Thumb Code    78  main.o(i.SystemClock_Config)
    SystemInit                               0x08002a17   Thumb Code     2  system_stm32f1xx.o(i.SystemInit)
    UART_Start_Receive_IT                    0x08002bc9   Thumb Code    54  stm32f1xx_hal_uart.o(i.UART_Start_Receive_IT)
    USART1_IRQHandler                        0x08002c65   Thumb Code     6  stm32f1xx_it.o(i.USART1_IRQHandler)
    UsageFault_Handler                       0x08002c71   Thumb Code     2  stm32f1xx_it.o(i.UsageFault_Handler)
    __0sprintf$3                             0x08002c75   Thumb Code    34  printf3.o(i.__0sprintf$3)
    __1sprintf$3                             0x08002c75   Thumb Code     0  printf3.o(i.__0sprintf$3)
    __2sprintf                               0x08002c75   Thumb Code     0  printf3.o(i.__0sprintf$3)
    __ARM_fpclassify                         0x08002c9d   Thumb Code    40  fpclassify.o(i.__ARM_fpclassify)
    __kernel_poly                            0x08002ce5   Thumb Code   170  poly.o(i.__kernel_poly)
    __mathlib_dbl_infnan                     0x08002d8f   Thumb Code     6  dunder.o(i.__mathlib_dbl_infnan)
    __mathlib_dbl_infnan2                    0x08002d95   Thumb Code     4  dunder.o(i.__mathlib_dbl_infnan2)
    __mathlib_dbl_underflow                  0x08002d99   Thumb Code    10  dunder.o(i.__mathlib_dbl_underflow)
    __scatterload_copy                       0x08002da9   Thumb Code    14  handlers.o(i.__scatterload_copy)
    __scatterload_null                       0x08002db7   Thumb Code     2  handlers.o(i.__scatterload_null)
    __scatterload_zeroinit                   0x08002db9   Thumb Code    14  handlers.o(i.__scatterload_zeroinit)
    __set_errno                              0x08002dc9   Thumb Code     6  errno.o(i.__set_errno)
    atan                                     0x08002f99   Thumb Code   474  atan.o(i.atan)
    atan2                                    0x080031b9   Thumb Code   346  atan2.o(i.atan2)
    main                                     0x08003339   Thumb Code   488  main.o(i.main)
    max3                                     0x0800358d   Thumb Code   150  main.o(i.max3)
    my_abs                                   0x08003629   Thumb Code    28  main.o(i.my_abs)
    sqrt                                     0x08003645   Thumb Code    76  sqrt.o(i.sqrt)
    AHBPrescTable                            0x08003690   Data          16  system_stm32f1xx.o(.constdata)
    APBPrescTable                            0x080036a0   Data           8  system_stm32f1xx.o(.constdata)
    __mathlib_zero                           0x08003740   Data           8  qnan.o(.constdata)
    Region$$Table$$Base                      0x08003748   Number         0  anon$$obj.o(Region$$Table)
    Region$$Table$$Limit                     0x08003768   Number         0  anon$$obj.o(Region$$Table)
    timer                                    0x20000000   Data           4  mpu6050.o(.data)
    KalmanX                                  0x20000008   Data          72  mpu6050.o(.data)
    KalmanY                                  0x20000050   Data          72  mpu6050.o(.data)
    tempData                                 0x20000098   Data           1  esp8266_test.o(.data)
    dbg                                      0x2000009a   Data           2  esp8266_test.o(.data)
    esp_Tdata                                0x2000009c   Data           2  esp8266_test.o(.data)
    LCD_Config                               0x200000a0   Data           3  character_lcd.o(.data)
    LCD_SendCommand                          0x200000a4   Data           4  character_lcd.o(.data)
    LCD_PutChar                              0x200000a8   Data           4  character_lcd.o(.data)
    tcp_flag                                 0x200000b0   Data           1  main.o(.data)
    ma                                       0x200000b1   Data           1  main.o(.data)
    temp                                     0x200000b2   Data           1  main.o(.data)
    c_max                                    0x200000b3   Data           1  main.o(.data)
    pn                                       0x200000b4   Data           1  main.o(.data)
    limit                                    0x200000b8   Data           8  main.o(.data)
    x                                        0x200000c0   Data           8  main.o(.data)
    y                                        0x200000c8   Data           8  main.o(.data)
    z                                        0x200000d0   Data           8  main.o(.data)
    abs_x                                    0x200000d8   Data           8  main.o(.data)
    abs_y                                    0x200000e0   Data           8  main.o(.data)
    abs_z                                    0x200000e8   Data           8  main.o(.data)
    uwTickFreq                               0x200000f0   Data           1  stm32f1xx_hal.o(.data)
    uwTickPrio                               0x200000f4   Data           4  stm32f1xx_hal.o(.data)
    uwTick                                   0x200000f8   Data           4  stm32f1xx_hal.o(.data)
    SystemCoreClock                          0x200000fc   Data           4  system_stm32f1xx.o(.data)
    esp_Rdata                                0x20000104   Data         200  esp8266_test.o(.bss)
    str                                      0x200001cc   Data          80  esp8266_test.o(.bss)
    MPU6050                                  0x20000220   Data          88  main.o(.bss)
    hi2c1                                    0x20000278   Data          84  i2c.o(.bss)
    huart1                                   0x200002cc   Data          68  usart.o(.bss)
    __initial_sp                             0x20000710   Data           0  startup_stm32f103xb.o(STACK)



==============================================================================

Memory Map of the image

  Image Entry point : 0x080000ed

  Load Region LR_IROM1 (Base: 0x08000000, Size: 0x0000386c, Max: 0x00010000, ABSOLUTE)

    Execution Region ER_IROM1 (Exec base: 0x08000000, Load base: 0x08000000, Size: 0x00003768, Max: 0x00010000, ABSOLUTE)

    Exec Addr    Load Addr    Size         Type   Attr      Idx    E Section Name        Object

    0x08000000   0x08000000   0x000000ec   Data   RO            3    RESET               startup_stm32f103xb.o
    0x080000ec   0x080000ec   0x00000000   Code   RO         2532  * .ARM.Collect$$$$00000000  mc_w.l(entry.o)
    0x080000ec   0x080000ec   0x00000004   Code   RO         2847    .ARM.Collect$$$$00000001  mc_w.l(entry2.o)
    0x080000f0   0x080000f0   0x00000004   Code   RO         2850    .ARM.Collect$$$$00000004  mc_w.l(entry5.o)
    0x080000f4   0x080000f4   0x00000000   Code   RO         2852    .ARM.Collect$$$$00000008  mc_w.l(entry7b.o)
    0x080000f4   0x080000f4   0x00000000   Code   RO         2854    .ARM.Collect$$$$0000000A  mc_w.l(entry8b.o)
    0x080000f4   0x080000f4   0x00000008   Code   RO         2855    .ARM.Collect$$$$0000000B  mc_w.l(entry9a.o)
    0x080000fc   0x080000fc   0x00000000   Code   RO         2857    .ARM.Collect$$$$0000000D  mc_w.l(entry10a.o)
    0x080000fc   0x080000fc   0x00000000   Code   RO         2859    .ARM.Collect$$$$0000000F  mc_w.l(entry11a.o)
    0x080000fc   0x080000fc   0x00000004   Code   RO         2848    .ARM.Collect$$$$00002712  mc_w.l(entry2.o)
    0x08000100   0x08000100   0x00000024   Code   RO            4    .text               startup_stm32f103xb.o
    0x08000124   0x08000124   0x00000020   Code   RO         2535    .text               mc_w.l(llushr.o)
    0x08000144   0x08000144   0x00000024   Code   RO         2537    .text               mc_w.l(memseta.o)
    0x08000168   0x08000168   0x00000018   Code   RO         2539    .text               mc_w.l(strcat.o)
    0x08000180   0x08000180   0x00000024   Code   RO         2541    .text               mc_w.l(strstr.o)
    0x080001a4   0x080001a4   0x0000000e   Code   RO         2543    .text               mc_w.l(strlen.o)
    0x080001b2   0x080001b2   0x000000b0   Code   RO         2806    .text               mf_w.l(fadd.o)
    0x08000262   0x08000262   0x0000007c   Code   RO         2808    .text               mf_w.l(fdiv.o)
    0x080002de   0x080002de   0x0000014e   Code   RO         2810    .text               mf_w.l(dadd.o)
    0x0800042c   0x0800042c   0x000000e4   Code   RO         2812    .text               mf_w.l(dmul.o)
    0x08000510   0x08000510   0x000000de   Code   RO         2814    .text               mf_w.l(ddiv.o)
    0x080005ee   0x080005ee   0x0000002e   Code   RO         2816    .text               mf_w.l(dscalb.o)
    0x0800061c   0x0800061c   0x00000012   Code   RO         2818    .text               mf_w.l(fflti.o)
    0x0800062e   0x0800062e   0x00000022   Code   RO         2820    .text               mf_w.l(dflti.o)
    0x08000650   0x08000650   0x0000001a   Code   RO         2822    .text               mf_w.l(dfltui.o)
    0x0800066a   0x0800066a   0x00000002   PAD
    0x0800066c   0x0800066c   0x00000030   Code   RO         2824    .text               mf_w.l(cdcmple.o)
    0x0800069c   0x0800069c   0x00000030   Code   RO         2826    .text               mf_w.l(cdrcmple.o)
    0x080006cc   0x080006cc   0x0000002c   Code   RO         2864    .text               mc_w.l(uidiv.o)
    0x080006f8   0x080006f8   0x0000001e   Code   RO         2868    .text               mc_w.l(llshl.o)
    0x08000716   0x08000716   0x00000024   Code   RO         2870    .text               mc_w.l(llsshr.o)
    0x0800073a   0x0800073a   0x00000000   Code   RO         2879    .text               mc_w.l(iusefp.o)
    0x0800073a   0x0800073a   0x0000006e   Code   RO         2880    .text               mf_w.l(fepilogue.o)
    0x080007a8   0x080007a8   0x000000ba   Code   RO         2882    .text               mf_w.l(depilogue.o)
    0x08000862   0x08000862   0x000000a2   Code   RO         2884    .text               mf_w.l(dsqrt.o)
    0x08000904   0x08000904   0x00000024   Code   RO         2888    .text               mc_w.l(init.o)
    0x08000928   0x08000928   0x00000002   Code   RO          529    i.BusFault_Handler  stm32f1xx_it.o
    0x0800092a   0x0800092a   0x00000002   Code   RO          530    i.DebugMon_Handler  stm32f1xx_it.o
    0x0800092c   0x0800092c   0x00000018   Code   RO          169    i.ESP_ClearRdata    esp8266_test.o
    0x08000944   0x08000944   0x00000048   Code   RO          171    i.ESP_IsDeviceReady  esp8266_test.o
    0x0800098c   0x0800098c   0x00000090   Code   RO          173    i.ESP_StartConnection  esp8266_test.o
    0x08000a1c   0x08000a1c   0x000000c0   Code   RO          174    i.ESP_Transmit      esp8266_test.o
    0x08000adc   0x08000adc   0x00000002   Code   RO          360    i.Error_Handler     main.o
    0x08000ade   0x08000ade   0x00000046   Code   RO         1482    i.HAL_DMA_Abort     stm32f1xx_hal_dma.o
    0x08000b24   0x08000b24   0x00000098   Code   RO         1483    i.HAL_DMA_Abort_IT  stm32f1xx_hal_dma.o
    0x08000bbc   0x08000bbc   0x00000024   Code   RO         1110    i.HAL_Delay         stm32f1xx_hal.o
    0x08000be0   0x08000be0   0x000001e0   Code   RO         1418    i.HAL_GPIO_Init     stm32f1xx_hal_gpio.o
    0x08000dc0   0x08000dc0   0x00000010   Code   RO         1421    i.HAL_GPIO_TogglePin  stm32f1xx_hal_gpio.o
    0x08000dd0   0x08000dd0   0x0000000a   Code   RO         1422    i.HAL_GPIO_WritePin  stm32f1xx_hal_gpio.o
    0x08000dda   0x08000dda   0x00000002   PAD
    0x08000ddc   0x08000ddc   0x0000000c   Code   RO         1114    i.HAL_GetTick       stm32f1xx_hal.o
    0x08000de8   0x08000de8   0x00000188   Code   RO          682    i.HAL_I2C_Init      stm32f1xx_hal_i2c.o
    0x08000f70   0x08000f70   0x00000250   Code   RO          700    i.HAL_I2C_Mem_Read  stm32f1xx_hal_i2c.o
    0x080011c0   0x080011c0   0x00000130   Code   RO          703    i.HAL_I2C_Mem_Write  stm32f1xx_hal_i2c.o
    0x080012f0   0x080012f0   0x0000005c   Code   RO          446    i.HAL_I2C_MspInit   i2c.o
    0x0800134c   0x0800134c   0x00000010   Code   RO         1120    i.HAL_IncTick       stm32f1xx_hal.o
    0x0800135c   0x0800135c   0x00000024   Code   RO         1121    i.HAL_Init          stm32f1xx_hal.o
    0x08001380   0x08001380   0x00000040   Code   RO         1122    i.HAL_InitTick      stm32f1xx_hal.o
    0x080013c0   0x080013c0   0x0000003c   Code   RO          611    i.HAL_MspInit       stm32f1xx_hal_msp.o
    0x080013fc   0x080013fc   0x0000001a   Code   RO         1578    i.HAL_NVIC_EnableIRQ  stm32f1xx_hal_cortex.o
    0x08001416   0x08001416   0x00000002   PAD
    0x08001418   0x08001418   0x00000040   Code   RO         1584    i.HAL_NVIC_SetPriority  stm32f1xx_hal_cortex.o
    0x08001458   0x08001458   0x00000024   Code   RO         1585    i.HAL_NVIC_SetPriorityGrouping  stm32f1xx_hal_cortex.o
    0x0800147c   0x0800147c   0x0000012c   Code   RO         1278    i.HAL_RCC_ClockConfig  stm32f1xx_hal_rcc.o
    0x080015a8   0x080015a8   0x00000020   Code   RO         1285    i.HAL_RCC_GetPCLK1Freq  stm32f1xx_hal_rcc.o
    0x080015c8   0x080015c8   0x00000020   Code   RO         1286    i.HAL_RCC_GetPCLK2Freq  stm32f1xx_hal_rcc.o
    0x080015e8   0x080015e8   0x0000006c   Code   RO         1287    i.HAL_RCC_GetSysClockFreq  stm32f1xx_hal_rcc.o
    0x08001654   0x08001654   0x00000320   Code   RO         1290    i.HAL_RCC_OscConfig  stm32f1xx_hal_rcc.o
    0x08001974   0x08001974   0x00000028   Code   RO         1589    i.HAL_SYSTICK_Config  stm32f1xx_hal_cortex.o
    0x0800199c   0x0800199c   0x00000002   Code   RO         2125    i.HAL_UARTEx_RxEventCallback  stm32f1xx_hal_uart.o
    0x0800199e   0x0800199e   0x00000002   Code   RO         2139    i.HAL_UART_ErrorCallback  stm32f1xx_hal_uart.o
    0x080019a0   0x080019a0   0x0000020c   Code   RO         2142    i.HAL_UART_IRQHandler  stm32f1xx_hal_uart.o
    0x08001bac   0x08001bac   0x00000062   Code   RO         2143    i.HAL_UART_Init     stm32f1xx_hal_uart.o
    0x08001c0e   0x08001c0e   0x00000002   PAD
    0x08001c10   0x08001c10   0x00000080   Code   RO          488    i.HAL_UART_MspInit  usart.o
    0x08001c90   0x08001c90   0x0000002a   Code   RO         2148    i.HAL_UART_Receive_IT  stm32f1xx_hal_uart.o
    0x08001cba   0x08001cba   0x00000002   PAD
    0x08001cbc   0x08001cbc   0x00000024   Code   RO          175    i.HAL_UART_RxCpltCallback  esp8266_test.o
    0x08001ce0   0x08001ce0   0x000000b2   Code   RO         2151    i.HAL_UART_Transmit  stm32f1xx_hal_uart.o
    0x08001d92   0x08001d92   0x00000002   Code   RO         2154    i.HAL_UART_TxCpltCallback  stm32f1xx_hal_uart.o
    0x08001d94   0x08001d94   0x00000002   Code   RO          531    i.HardFault_Handler  stm32f1xx_it.o
    0x08001d96   0x08001d96   0x0000002e   Code   RO          724    i.I2C_IsAcknowledgeFailed  stm32f1xx_hal_i2c.o
    0x08001dc4   0x08001dc4   0x000000fc   Code   RO          734    i.I2C_RequestMemoryRead  stm32f1xx_hal_i2c.o
    0x08001ec0   0x08001ec0   0x000000a8   Code   RO          735    i.I2C_RequestMemoryWrite  stm32f1xx_hal_i2c.o
    0x08001f68   0x08001f68   0x0000004c   Code   RO          739    i.I2C_WaitOnBTFFlagUntilTimeout  stm32f1xx_hal_i2c.o
    0x08001fb4   0x08001fb4   0x00000068   Code   RO          740    i.I2C_WaitOnFlagUntilTimeout  stm32f1xx_hal_i2c.o
    0x0800201c   0x0800201c   0x00000096   Code   RO          741    i.I2C_WaitOnMasterAddressFlagUntilTimeout  stm32f1xx_hal_i2c.o
    0x080020b2   0x080020b2   0x00000066   Code   RO          742    i.I2C_WaitOnRXNEFlagUntilTimeout  stm32f1xx_hal_i2c.o
    0x08002118   0x08002118   0x0000004c   Code   RO          743    i.I2C_WaitOnTXEFlagUntilTimeout  stm32f1xx_hal_i2c.o
    0x08002164   0x08002164   0x0000018c   Code   RO           13    i.Kalman_getAngle   mpu6050.o
    0x080022f0   0x080022f0   0x00000070   Code   RO          264    i.LCD_4BitModeInit  character_lcd.o
    0x08002360   0x08002360   0x00000070   Code   RO          265    i.LCD_8BitModeInit  character_lcd.o
    0x080023d0   0x080023d0   0x00000018   Code   RO          266    i.LCD_Clear         character_lcd.o
    0x080023e8   0x080023e8   0x0000002c   Code   RO          268    i.LCD_GotoXY        character_lcd.o
    0x08002414   0x08002414   0x0000001c   Code   RO          269    i.LCD_Init          character_lcd.o
    0x08002430   0x08002430   0x0000001c   Code   RO          270    i.LCD_PutString     character_lcd.o
    0x0800244c   0x0800244c   0x00000092   Code   RO           14    i.MPU6050_Init      mpu6050.o
    0x080024de   0x080024de   0x00000002   PAD
    0x080024e0   0x080024e0   0x00000240   Code   RO           16    i.MPU6050_Read_All  mpu6050.o
    0x08002720   0x08002720   0x000000ac   Code   RO          421    i.MX_GPIO_Init      gpio.o
    0x080027cc   0x080027cc   0x00000040   Code   RO          447    i.MX_I2C1_Init      i2c.o
    0x0800280c   0x0800280c   0x00000038   Code   RO          489    i.MX_USART1_UART_Init  usart.o
    0x08002844   0x08002844   0x00000002   Code   RO          532    i.MemManage_Handler  stm32f1xx_it.o
    0x08002846   0x08002846   0x00000002   Code   RO          533    i.NMI_Handler       stm32f1xx_it.o
    0x08002848   0x08002848   0x00000002   Code   RO          534    i.PendSV_Handler    stm32f1xx_it.o
    0x0800284a   0x0800284a   0x00000002   PAD
    0x0800284c   0x0800284c   0x0000009c   Code   RO          273    i.PutData_4Bit      character_lcd.o
    0x080028e8   0x080028e8   0x00000002   Code   RO          535    i.SVC_Handler       stm32f1xx_it.o
    0x080028ea   0x080028ea   0x00000002   PAD
    0x080028ec   0x080028ec   0x00000088   Code   RO          274    i.SendCommand_4Bit  character_lcd.o
    0x08002974   0x08002974   0x00000050   Code   RO          275    i.SendCommand_8Bit  character_lcd.o
    0x080029c4   0x080029c4   0x00000004   Code   RO          536    i.SysTick_Handler   stm32f1xx_it.o
    0x080029c8   0x080029c8   0x0000004e   Code   RO          361    i.SystemClock_Config  main.o
    0x08002a16   0x08002a16   0x00000002   Code   RO         2472    i.SystemInit        system_stm32f1xx.o
    0x08002a18   0x08002a18   0x00000010   Code   RO         2156    i.UART_DMAAbortOnError  stm32f1xx_hal_uart.o
    0x08002a28   0x08002a28   0x00000030   Code   RO         2166    i.UART_EndRxTransfer  stm32f1xx_hal_uart.o
    0x08002a58   0x08002a58   0x000000b6   Code   RO         2168    i.UART_Receive_IT   stm32f1xx_hal_uart.o
    0x08002b0e   0x08002b0e   0x00000002   PAD
    0x08002b10   0x08002b10   0x000000b8   Code   RO         2169    i.UART_SetConfig    stm32f1xx_hal_uart.o
    0x08002bc8   0x08002bc8   0x00000036   Code   RO         2171    i.UART_Start_Receive_IT  stm32f1xx_hal_uart.o
    0x08002bfe   0x08002bfe   0x00000064   Code   RO         2172    i.UART_WaitOnFlagUntilTimeout  stm32f1xx_hal_uart.o
    0x08002c62   0x08002c62   0x00000002   PAD
    0x08002c64   0x08002c64   0x0000000c   Code   RO          537    i.USART1_IRQHandler  stm32f1xx_it.o
    0x08002c70   0x08002c70   0x00000002   Code   RO          538    i.UsageFault_Handler  stm32f1xx_it.o
    0x08002c72   0x08002c72   0x00000002   PAD
    0x08002c74   0x08002c74   0x00000028   Code   RO         2636    i.__0sprintf$3      mc_w.l(printf3.o)
    0x08002c9c   0x08002c9c   0x00000028   Code   RO         2842    i.__ARM_fpclassify  m_ws.l(fpclassify.o)
    0x08002cc4   0x08002cc4   0x00000020   Code   RO         1591    i.__NVIC_SetPriority  stm32f1xx_hal_cortex.o
    0x08002ce4   0x08002ce4   0x000000aa   Code   RO         2844    i.__kernel_poly     m_ws.l(poly.o)
    0x08002d8e   0x08002d8e   0x00000006   Code   RO         2829    i.__mathlib_dbl_infnan  m_ws.l(dunder.o)
    0x08002d94   0x08002d94   0x00000004   Code   RO         2830    i.__mathlib_dbl_infnan2  m_ws.l(dunder.o)
    0x08002d98   0x08002d98   0x00000010   Code   RO         2834    i.__mathlib_dbl_underflow  m_ws.l(dunder.o)
    0x08002da8   0x08002da8   0x0000000e   Code   RO         2894    i.__scatterload_copy  mc_w.l(handlers.o)
    0x08002db6   0x08002db6   0x00000002   Code   RO         2895    i.__scatterload_null  mc_w.l(handlers.o)
    0x08002db8   0x08002db8   0x0000000e   Code   RO         2896    i.__scatterload_zeroinit  mc_w.l(handlers.o)
    0x08002dc6   0x08002dc6   0x00000002   PAD
    0x08002dc8   0x08002dc8   0x0000000c   Code   RO         2874    i.__set_errno       mc_w.l(errno.o)
    0x08002dd4   0x08002dd4   0x000001b8   Code   RO         2641    i._printf_core      mc_w.l(printf3.o)
    0x08002f8c   0x08002f8c   0x0000000a   Code   RO         2643    i._sputc            mc_w.l(printf3.o)
    0x08002f96   0x08002f96   0x00000002   PAD
    0x08002f98   0x08002f98   0x00000220   Code   RO         2507    i.atan              m_ws.l(atan.o)
    0x080031b8   0x080031b8   0x00000180   Code   RO         2517    i.atan2             m_ws.l(atan2.o)
    0x08003338   0x08003338   0x00000254   Code   RO          362    i.main              main.o
    0x0800358c   0x0800358c   0x0000009c   Code   RO          363    i.max3              main.o
    0x08003628   0x08003628   0x0000001c   Code   RO          364    i.my_abs            main.o
    0x08003644   0x08003644   0x0000004c   Code   RO         2525    i.sqrt              m_ws.l(sqrt.o)
    0x08003690   0x08003690   0x00000010   Data   RO         2473    .constdata          system_stm32f1xx.o
    0x080036a0   0x080036a0   0x00000008   Data   RO         2474    .constdata          system_stm32f1xx.o
    0x080036a8   0x080036a8   0x00000098   Data   RO         2508    .constdata          m_ws.l(atan.o)
    0x08003740   0x08003740   0x00000008   Data   RO         2846    .constdata          m_ws.l(qnan.o)
    0x08003748   0x08003748   0x00000020   Data   RO         2892    Region$$Table       anon$$obj.o


    Execution Region RW_IRAM1 (Exec base: 0x20000000, Load base: 0x08003768, Size: 0x00000710, Max: 0x00005000, ABSOLUTE)

    Exec Addr    Load Addr    Size         Type   Attr      Idx    E Section Name        Object

    0x20000000   0x08003768   0x00000098   Data   RW           21    .data               mpu6050.o
    0x20000098   0x08003800   0x00000006   Data   RW          179    .data               esp8266_test.o
    0x2000009e   0x08003806   0x00000002   PAD
    0x200000a0   0x08003808   0x0000000c   Data   RW          276    .data               character_lcd.o
    0x200000ac   0x08003814   0x00000004   PAD
    0x200000b0   0x08003818   0x00000040   Data   RW          366    .data               main.o
    0x200000f0   0x08003858   0x0000000c   Data   RW         1128    .data               stm32f1xx_hal.o
    0x200000fc   0x08003864   0x00000004   Data   RW         2475    .data               system_stm32f1xx.o
    0x20000100   0x08003868   0x00000004   Data   RW         2875    .data               mc_w.l(errno.o)
    0x20000104        -       0x00000118   Zero   RW          177    .bss                esp8266_test.o
    0x2000021c   0x0800386c   0x00000004   PAD
    0x20000220        -       0x00000058   Zero   RW          365    .bss                main.o
    0x20000278        -       0x00000054   Zero   RW          448    .bss                i2c.o
    0x200002cc        -       0x00000044   Zero   RW          490    .bss                usart.o
    0x20000310        -       0x00000400   Zero   RW            1    STACK               startup_stm32f103xb.o


==============================================================================

Image component sizes


      Code (inc. data)   RO Data    RW Data    ZI Data      Debug   Object Name

       720         64          0         12          0       6891   character_lcd.o
       468        150          0          6        280       3822   esp8266_test.o
       172         12          0          0          0       1019   gpio.o
       156         26          0          0         84       1725   i2c.o
       860        114          0         64         88       4264   main.o
      1118         40          0        152          0     405718   mpu6050.o
        36          8        236          0       1024        828   startup_stm32f103xb.o
       164         28          0         12          0       6113   stm32f1xx_hal.o
       198         14          0          0          0      29091   stm32f1xx_hal_cortex.o
       222          4          0          0          0       1847   stm32f1xx_hal_dma.o
       506         34          0          0          0       3601   stm32f1xx_hal_gpio.o
      2262         56          0          0          0      13074   stm32f1xx_hal_i2c.o
        60          8          0          0          0        922   stm32f1xx_hal_msp.o
      1272        100          0          0          0       5348   stm32f1xx_hal_rcc.o
      1432         10          0          0          0      10884   stm32f1xx_hal_uart.o
        32          6          0          0          0       4566   stm32f1xx_it.o
         2          0         24          4          0       1191   system_stm32f1xx.o
       184         20          0          0         68       1790   usart.o

    ----------------------------------------------------------------------
      9884        694        292        256       1548     502694   Object Totals
         0          0         32          0          0          0   (incl. Generated)
        20          0          0          6          4          0   (incl. Padding)

    ----------------------------------------------------------------------

      Code (inc. data)   RO Data    RW Data    ZI Data      Debug   Library Member Name

       544         70        152          0          0        124   atan.o
       384         38          0          0          0        144   atan2.o
        26          6          0          0          0        204   dunder.o
        40          0          0          0          0         68   fpclassify.o
       170          0          0          0          0         96   poly.o
         0          0          8          0          0          0   qnan.o
        76          0          0          0          0         84   sqrt.o
         0          0          0          0          0          0   entry.o
         0          0          0          0          0          0   entry10a.o
         0          0          0          0          0          0   entry11a.o
         8          4          0          0          0          0   entry2.o
         4          0          0          0          0          0   entry5.o
         0          0          0          0          0          0   entry7b.o
         0          0          0          0          0          0   entry8b.o
         8          4          0          0          0          0   entry9a.o
        12          6          0          4          0         68   errno.o
        30          0          0          0          0          0   handlers.o
        36          8          0          0          0         68   init.o
         0          0          0          0          0          0   iusefp.o
        30          0          0          0          0         68   llshl.o
        36          0          0          0          0         68   llsshr.o
        32          0          0          0          0         68   llushr.o
        36          0          0          0          0        108   memseta.o
       490         10          0          0          0        252   printf3.o
        24          0          0          0          0         68   strcat.o
        14          0          0          0          0         68   strlen.o
        36          0          0          0          0         80   strstr.o
        44          0          0          0          0         80   uidiv.o
        48          0          0          0          0         68   cdcmple.o
        48          0          0          0          0         68   cdrcmple.o
       334          0          0          0          0        148   dadd.o
       222          0          0          0          0        100   ddiv.o
       186          0          0          0          0        176   depilogue.o
        34          0          0          0          0         76   dflti.o
        26          0          0          0          0         76   dfltui.o
       228          0          0          0          0         96   dmul.o
        46          0          0          0          0         80   dscalb.o
       162          0          0          0          0        100   dsqrt.o
       176          0          0          0          0        140   fadd.o
       124          0          0          0          0         88   fdiv.o
       110          0          0          0          0        168   fepilogue.o
        18          0          0          0          0         68   fflti.o

    ----------------------------------------------------------------------
      3848        146        160          4          0       3168   Library Totals
         6          0          0          0          0          0   (incl. Padding)

    ----------------------------------------------------------------------

      Code (inc. data)   RO Data    RW Data    ZI Data      Debug   Library Name

      1240        114        160          0          0        720   m_ws.l
       840         32          0          4          0        996   mc_w.l
      1762          0          0          0          0       1452   mf_w.l

    ----------------------------------------------------------------------
      3848        146        160          4          0       3168   Library Totals

    ----------------------------------------------------------------------

==============================================================================


      Code (inc. data)   RO Data    RW Data    ZI Data      Debug   

     13732        840        452        260       1548     500138   Grand Totals
     13732        840        452        260       1548     500138   ELF Image Totals
     13732        840        452        260          0          0   ROM Totals

==============================================================================

    Total RO  Size (Code + RO Data)                14184 (  13.85kB)
    Total RW  Size (RW Data + ZI Data)              1808 (   1.77kB)
    Total ROM Size (Code + RO Data + RW Data)      14444 (  14.11kB)

==============================================================================

